Archive member included to satisfy reference by file (symbol)

c:/program files (x86)/atmel/studio/7.0/toolchain/avr8/avr8-gnu-toolchain/bin/../lib/gcc/avr/5.4.0/avr5\libgcc.a(_divmodhi4.o)
                              SP10281_3x7segment.o (__divmodhi4)
c:/program files (x86)/atmel/studio/7.0/toolchain/avr8/avr8-gnu-toolchain/bin/../lib/gcc/avr/5.4.0/avr5\libgcc.a(_udivmodsi4.o)
                              Timer.o (__udivmodsi4)
c:/program files (x86)/atmel/studio/7.0/toolchain/avr8/avr8-gnu-toolchain/bin/../lib/gcc/avr/5.4.0/avr5\libgcc.a(_exit.o)
                              C:/Program Files (x86)/Atmel/Studio/7.0/Packs/Atmel/ATmega_DFP/1.3.300/gcc/dev/atmega324pa/avr5/crtatmega324pa.o (exit)
c:/program files (x86)/atmel/studio/7.0/toolchain/avr8/avr8-gnu-toolchain/bin/../lib/gcc/avr/5.4.0/avr5\libgcc.a(_copy_data.o)
                              MCP23017.o (__do_copy_data)
c:/program files (x86)/atmel/studio/7.0/toolchain/avr8/avr8-gnu-toolchain/bin/../lib/gcc/avr/5.4.0/avr5\libgcc.a(_clear_bss.o)
                              ActionHandler.o (__do_clear_bss)
c:/program files (x86)/atmel/studio/7.0/toolchain/avr8/avr8-gnu-toolchain/bin/../lib/gcc/avr/5.4.0/avr5\libgcc.a(_ctors.o)
                              UI.o (__do_global_ctors)
c:/program files (x86)/atmel/studio/7.0/toolchain/avr8/avr8-gnu-toolchain/bin/../lib/gcc/avr/5.4.0/avr5\libgcc.a(_muluhisi3.o)
                              Timer.o (__muluhisi3)
c:/program files (x86)/atmel/studio/7.0/toolchain/avr8/avr8-gnu-toolchain/bin/../lib/gcc/avr/5.4.0/avr5\libgcc.a(_udivmodhi4.o)
                              c:/program files (x86)/atmel/studio/7.0/toolchain/avr8/avr8-gnu-toolchain/bin/../lib/gcc/avr/5.4.0/avr5\libgcc.a(_divmodhi4.o) (__udivmodhi4)
c:/program files (x86)/atmel/studio/7.0/toolchain/avr8/avr8-gnu-toolchain/bin/../lib/gcc/avr/5.4.0/avr5\libgcc.a(_tablejump2.o)
                              c:/program files (x86)/atmel/studio/7.0/toolchain/avr8/avr8-gnu-toolchain/bin/../lib/gcc/avr/5.4.0/avr5\libgcc.a(_ctors.o) (__tablejump2__)
c:/program files (x86)/atmel/studio/7.0/toolchain/avr8/avr8-gnu-toolchain/bin/../lib/gcc/avr/5.4.0/avr5\libgcc.a(_umulhisi3.o)
                              c:/program files (x86)/atmel/studio/7.0/toolchain/avr8/avr8-gnu-toolchain/bin/../lib/gcc/avr/5.4.0/avr5\libgcc.a(_muluhisi3.o) (__umulhisi3)
C:/Program Files (x86)/Atmel/Studio/7.0/Packs/Atmel/ATmega_DFP/1.3.300/gcc/dev/atmega324pa/avr5\libatmega324pa.a(eerd_byte.o)
                              MIDI.o (eeprom_read_byte)
C:/Program Files (x86)/Atmel/Studio/7.0/Packs/Atmel/ATmega_DFP/1.3.300/gcc/dev/atmega324pa/avr5\libatmega324pa.a(eewr_byte.o)
                              MIDI.o (eeprom_write_byte)

Discarded input sections

 .data          0x00000000        0x0 C:/Program Files (x86)/Atmel/Studio/7.0/Packs/Atmel/ATmega_DFP/1.3.300/gcc/dev/atmega324pa/avr5/crtatmega324pa.o
 .bss           0x00000000        0x0 C:/Program Files (x86)/Atmel/Studio/7.0/Packs/Atmel/ATmega_DFP/1.3.300/gcc/dev/atmega324pa/avr5/crtatmega324pa.o
 .text          0x00000000        0x0 ActionHandler.o
 .data          0x00000000        0x0 ActionHandler.o
 .bss           0x00000000        0x0 ActionHandler.o
 .text          0x00000000        0x0 i2cmaster.o
 .data          0x00000000        0x0 i2cmaster.o
 .bss           0x00000000        0x0 i2cmaster.o
 .text._Z14i2c_start_waith
                0x00000000       0x50 i2cmaster.o
 .text._Z13i2c_rep_starth
                0x00000000        0x6 i2cmaster.o
 .text._Z11i2c_readAckv
                0x00000000       0x16 i2cmaster.o
 .text          0x00000000        0x0 main.o
 .data          0x00000000        0x0 main.o
 .bss           0x00000000        0x0 main.o
 .text          0x00000000        0x0 MCP23017.o
 .data          0x00000000        0x0 MCP23017.o
 .bss           0x00000000        0x0 MCP23017.o
 .text._ZN10MCP_Output8getStateEv
                0x00000000        0x6 MCP23017.o
 .text._ZN10MCP_Output6ToggleEv
                0x00000000       0x1c MCP23017.o
 .text._ZN10MCP_Output10AutoToggleEv
                0x00000000       0x44 MCP23017.o
 .text._ZN9MCP_InputC2Ev
                0x00000000        0x2 MCP23017.o
 .text._ZN9MCP_InputC2Eh13MCP23017_Port12MCP23017_Pin
                0x00000000       0x40 MCP23017.o
 .text._ZN9MCP_Input4ReadEv
                0x00000000       0x36 MCP23017.o
 .text          0x00000000        0x0 MIDI.o
 .data          0x00000000        0x0 MIDI.o
 .bss           0x00000000        0x0 MIDI.o
 .text._Z26MIDI_TransmitProgramChangeh
                0x00000000       0x2e MIDI.o
 .bss.MIDI_TxBuffer
                0x00000000        0x3 MIDI.o
 .text          0x00000000        0x0 PedalComm.o
 .data          0x00000000        0x0 PedalComm.o
 .bss           0x00000000        0x0 PedalComm.o
 .text._Z14PedalComm_Initv
                0x00000000       0x18 PedalComm.o
 .text          0x00000000        0x0 RotaryEncoder.o
 .data          0x00000000        0x0 RotaryEncoder.o
 .bss           0x00000000        0x0 RotaryEncoder.o
 .text._Z23RotaryEncoder_IsPressedv
                0x00000000        0xa RotaryEncoder.o
 .text          0x00000000        0x0 SP10281_3x7segment.o
 .data          0x00000000        0x0 SP10281_3x7segment.o
 .bss           0x00000000        0x0 SP10281_3x7segment.o
 .text          0x00000000        0x0 System.o
 .data          0x00000000        0x0 System.o
 .bss           0x00000000        0x0 System.o
 .text._Z11System_Initv
                0x00000000        0x2 System.o
 .text          0x00000000        0x0 Timer.o
 .data          0x00000000        0x0 Timer.o
 .bss           0x00000000        0x0 Timer.o
 .text          0x00000000        0x0 UART.o
 .data          0x00000000        0x0 UART.o
 .bss           0x00000000        0x0 UART.o
 .text._Z13UART0_PutCharh
                0x00000000       0x2a UART.o
 .text._Z15UART0_PutStringPKc
                0x00000000       0x1e UART.o
 .text._Z17UART0_PutString_pPKc
                0x00000000       0x24 UART.o
 .text._Z11UART0_Flushv
                0x00000000        0xa UART.o
 .text._Z16UART0_QueueArrayPKch
                0x00000000       0x32 UART.o
 .text._Z13UART1_PutCharh
                0x00000000       0x2a UART.o
 .text._Z15UART1_PutStringPKc
                0x00000000       0x1e UART.o
 .text._Z17UART1_PutString_pPKc
                0x00000000       0x24 UART.o
 .text._Z11UART1_Flushv
                0x00000000        0xa UART.o
 .text          0x00000000        0x0 UI.o
 .data          0x00000000        0x0 UI.o
 .bss           0x00000000        0x0 UI.o
 .text          0x00000000        0x0 util.o
 .data          0x00000000        0x0 util.o
 .bss           0x00000000        0x0 util.o
 .text._Z12Reverse_Byteh
                0x00000000       0x24 util.o
 .debug_info    0x00000000       0x60 util.o
 .debug_abbrev  0x00000000       0x4d util.o
 .debug_loc     0x00000000       0x6c util.o
 .debug_aranges
                0x00000000       0x20 util.o
 .debug_ranges  0x00000000       0x10 util.o
 .debug_line    0x00000000       0x53 util.o
 .debug_str     0x00000000      0x16c util.o
 .comment       0x00000000       0x31 util.o
 .debug_frame   0x00000000       0x24 util.o
 .text          0x00000000        0x0 c:/program files (x86)/atmel/studio/7.0/toolchain/avr8/avr8-gnu-toolchain/bin/../lib/gcc/avr/5.4.0/avr5\libgcc.a(_divmodhi4.o)
 .data          0x00000000        0x0 c:/program files (x86)/atmel/studio/7.0/toolchain/avr8/avr8-gnu-toolchain/bin/../lib/gcc/avr/5.4.0/avr5\libgcc.a(_divmodhi4.o)
 .bss           0x00000000        0x0 c:/program files (x86)/atmel/studio/7.0/toolchain/avr8/avr8-gnu-toolchain/bin/../lib/gcc/avr/5.4.0/avr5\libgcc.a(_divmodhi4.o)
 .text.libgcc.mul
                0x00000000        0x0 c:/program files (x86)/atmel/studio/7.0/toolchain/avr8/avr8-gnu-toolchain/bin/../lib/gcc/avr/5.4.0/avr5\libgcc.a(_divmodhi4.o)
 .text.libgcc   0x00000000        0x0 c:/program files (x86)/atmel/studio/7.0/toolchain/avr8/avr8-gnu-toolchain/bin/../lib/gcc/avr/5.4.0/avr5\libgcc.a(_divmodhi4.o)
 .text.libgcc.prologue
                0x00000000        0x0 c:/program files (x86)/atmel/studio/7.0/toolchain/avr8/avr8-gnu-toolchain/bin/../lib/gcc/avr/5.4.0/avr5\libgcc.a(_divmodhi4.o)
 .text.libgcc.builtins
                0x00000000        0x0 c:/program files (x86)/atmel/studio/7.0/toolchain/avr8/avr8-gnu-toolchain/bin/../lib/gcc/avr/5.4.0/avr5\libgcc.a(_divmodhi4.o)
 .text.libgcc.fmul
                0x00000000        0x0 c:/program files (x86)/atmel/studio/7.0/toolchain/avr8/avr8-gnu-toolchain/bin/../lib/gcc/avr/5.4.0/avr5\libgcc.a(_divmodhi4.o)
 .text.libgcc.fixed
                0x00000000        0x0 c:/program files (x86)/atmel/studio/7.0/toolchain/avr8/avr8-gnu-toolchain/bin/../lib/gcc/avr/5.4.0/avr5\libgcc.a(_divmodhi4.o)
 .text          0x00000000        0x0 c:/program files (x86)/atmel/studio/7.0/toolchain/avr8/avr8-gnu-toolchain/bin/../lib/gcc/avr/5.4.0/avr5\libgcc.a(_udivmodsi4.o)
 .data          0x00000000        0x0 c:/program files (x86)/atmel/studio/7.0/toolchain/avr8/avr8-gnu-toolchain/bin/../lib/gcc/avr/5.4.0/avr5\libgcc.a(_udivmodsi4.o)
 .bss           0x00000000        0x0 c:/program files (x86)/atmel/studio/7.0/toolchain/avr8/avr8-gnu-toolchain/bin/../lib/gcc/avr/5.4.0/avr5\libgcc.a(_udivmodsi4.o)
 .text.libgcc.mul
                0x00000000        0x0 c:/program files (x86)/atmel/studio/7.0/toolchain/avr8/avr8-gnu-toolchain/bin/../lib/gcc/avr/5.4.0/avr5\libgcc.a(_udivmodsi4.o)
 .text.libgcc   0x00000000        0x0 c:/program files (x86)/atmel/studio/7.0/toolchain/avr8/avr8-gnu-toolchain/bin/../lib/gcc/avr/5.4.0/avr5\libgcc.a(_udivmodsi4.o)
 .text.libgcc.prologue
                0x00000000        0x0 c:/program files (x86)/atmel/studio/7.0/toolchain/avr8/avr8-gnu-toolchain/bin/../lib/gcc/avr/5.4.0/avr5\libgcc.a(_udivmodsi4.o)
 .text.libgcc.builtins
                0x00000000        0x0 c:/program files (x86)/atmel/studio/7.0/toolchain/avr8/avr8-gnu-toolchain/bin/../lib/gcc/avr/5.4.0/avr5\libgcc.a(_udivmodsi4.o)
 .text.libgcc.fmul
                0x00000000        0x0 c:/program files (x86)/atmel/studio/7.0/toolchain/avr8/avr8-gnu-toolchain/bin/../lib/gcc/avr/5.4.0/avr5\libgcc.a(_udivmodsi4.o)
 .text.libgcc.fixed
                0x00000000        0x0 c:/program files (x86)/atmel/studio/7.0/toolchain/avr8/avr8-gnu-toolchain/bin/../lib/gcc/avr/5.4.0/avr5\libgcc.a(_udivmodsi4.o)
 .text          0x00000000        0x0 c:/program files (x86)/atmel/studio/7.0/toolchain/avr8/avr8-gnu-toolchain/bin/../lib/gcc/avr/5.4.0/avr5\libgcc.a(_exit.o)
 .data          0x00000000        0x0 c:/program files (x86)/atmel/studio/7.0/toolchain/avr8/avr8-gnu-toolchain/bin/../lib/gcc/avr/5.4.0/avr5\libgcc.a(_exit.o)
 .bss           0x00000000        0x0 c:/program files (x86)/atmel/studio/7.0/toolchain/avr8/avr8-gnu-toolchain/bin/../lib/gcc/avr/5.4.0/avr5\libgcc.a(_exit.o)
 .text.libgcc.mul
                0x00000000        0x0 c:/program files (x86)/atmel/studio/7.0/toolchain/avr8/avr8-gnu-toolchain/bin/../lib/gcc/avr/5.4.0/avr5\libgcc.a(_exit.o)
 .text.libgcc.div
                0x00000000        0x0 c:/program files (x86)/atmel/studio/7.0/toolchain/avr8/avr8-gnu-toolchain/bin/../lib/gcc/avr/5.4.0/avr5\libgcc.a(_exit.o)
 .text.libgcc   0x00000000        0x0 c:/program files (x86)/atmel/studio/7.0/toolchain/avr8/avr8-gnu-toolchain/bin/../lib/gcc/avr/5.4.0/avr5\libgcc.a(_exit.o)
 .text.libgcc.prologue
                0x00000000        0x0 c:/program files (x86)/atmel/studio/7.0/toolchain/avr8/avr8-gnu-toolchain/bin/../lib/gcc/avr/5.4.0/avr5\libgcc.a(_exit.o)
 .text.libgcc.builtins
                0x00000000        0x0 c:/program files (x86)/atmel/studio/7.0/toolchain/avr8/avr8-gnu-toolchain/bin/../lib/gcc/avr/5.4.0/avr5\libgcc.a(_exit.o)
 .text.libgcc.fmul
                0x00000000        0x0 c:/program files (x86)/atmel/studio/7.0/toolchain/avr8/avr8-gnu-toolchain/bin/../lib/gcc/avr/5.4.0/avr5\libgcc.a(_exit.o)
 .text.libgcc.fixed
                0x00000000        0x0 c:/program files (x86)/atmel/studio/7.0/toolchain/avr8/avr8-gnu-toolchain/bin/../lib/gcc/avr/5.4.0/avr5\libgcc.a(_exit.o)
 .text          0x00000000        0x0 c:/program files (x86)/atmel/studio/7.0/toolchain/avr8/avr8-gnu-toolchain/bin/../lib/gcc/avr/5.4.0/avr5\libgcc.a(_copy_data.o)
 .data          0x00000000        0x0 c:/program files (x86)/atmel/studio/7.0/toolchain/avr8/avr8-gnu-toolchain/bin/../lib/gcc/avr/5.4.0/avr5\libgcc.a(_copy_data.o)
 .bss           0x00000000        0x0 c:/program files (x86)/atmel/studio/7.0/toolchain/avr8/avr8-gnu-toolchain/bin/../lib/gcc/avr/5.4.0/avr5\libgcc.a(_copy_data.o)
 .text.libgcc.mul
                0x00000000        0x0 c:/program files (x86)/atmel/studio/7.0/toolchain/avr8/avr8-gnu-toolchain/bin/../lib/gcc/avr/5.4.0/avr5\libgcc.a(_copy_data.o)
 .text.libgcc.div
                0x00000000        0x0 c:/program files (x86)/atmel/studio/7.0/toolchain/avr8/avr8-gnu-toolchain/bin/../lib/gcc/avr/5.4.0/avr5\libgcc.a(_copy_data.o)
 .text.libgcc   0x00000000        0x0 c:/program files (x86)/atmel/studio/7.0/toolchain/avr8/avr8-gnu-toolchain/bin/../lib/gcc/avr/5.4.0/avr5\libgcc.a(_copy_data.o)
 .text.libgcc.prologue
                0x00000000        0x0 c:/program files (x86)/atmel/studio/7.0/toolchain/avr8/avr8-gnu-toolchain/bin/../lib/gcc/avr/5.4.0/avr5\libgcc.a(_copy_data.o)
 .text.libgcc.builtins
                0x00000000        0x0 c:/program files (x86)/atmel/studio/7.0/toolchain/avr8/avr8-gnu-toolchain/bin/../lib/gcc/avr/5.4.0/avr5\libgcc.a(_copy_data.o)
 .text.libgcc.fmul
                0x00000000        0x0 c:/program files (x86)/atmel/studio/7.0/toolchain/avr8/avr8-gnu-toolchain/bin/../lib/gcc/avr/5.4.0/avr5\libgcc.a(_copy_data.o)
 .text.libgcc.fixed
                0x00000000        0x0 c:/program files (x86)/atmel/studio/7.0/toolchain/avr8/avr8-gnu-toolchain/bin/../lib/gcc/avr/5.4.0/avr5\libgcc.a(_copy_data.o)
 .text          0x00000000        0x0 c:/program files (x86)/atmel/studio/7.0/toolchain/avr8/avr8-gnu-toolchain/bin/../lib/gcc/avr/5.4.0/avr5\libgcc.a(_clear_bss.o)
 .data          0x00000000        0x0 c:/program files (x86)/atmel/studio/7.0/toolchain/avr8/avr8-gnu-toolchain/bin/../lib/gcc/avr/5.4.0/avr5\libgcc.a(_clear_bss.o)
 .bss           0x00000000        0x0 c:/program files (x86)/atmel/studio/7.0/toolchain/avr8/avr8-gnu-toolchain/bin/../lib/gcc/avr/5.4.0/avr5\libgcc.a(_clear_bss.o)
 .text.libgcc.mul
                0x00000000        0x0 c:/program files (x86)/atmel/studio/7.0/toolchain/avr8/avr8-gnu-toolchain/bin/../lib/gcc/avr/5.4.0/avr5\libgcc.a(_clear_bss.o)
 .text.libgcc.div
                0x00000000        0x0 c:/program files (x86)/atmel/studio/7.0/toolchain/avr8/avr8-gnu-toolchain/bin/../lib/gcc/avr/5.4.0/avr5\libgcc.a(_clear_bss.o)
 .text.libgcc   0x00000000        0x0 c:/program files (x86)/atmel/studio/7.0/toolchain/avr8/avr8-gnu-toolchain/bin/../lib/gcc/avr/5.4.0/avr5\libgcc.a(_clear_bss.o)
 .text.libgcc.prologue
                0x00000000        0x0 c:/program files (x86)/atmel/studio/7.0/toolchain/avr8/avr8-gnu-toolchain/bin/../lib/gcc/avr/5.4.0/avr5\libgcc.a(_clear_bss.o)
 .text.libgcc.builtins
                0x00000000        0x0 c:/program files (x86)/atmel/studio/7.0/toolchain/avr8/avr8-gnu-toolchain/bin/../lib/gcc/avr/5.4.0/avr5\libgcc.a(_clear_bss.o)
 .text.libgcc.fmul
                0x00000000        0x0 c:/program files (x86)/atmel/studio/7.0/toolchain/avr8/avr8-gnu-toolchain/bin/../lib/gcc/avr/5.4.0/avr5\libgcc.a(_clear_bss.o)
 .text.libgcc.fixed
                0x00000000        0x0 c:/program files (x86)/atmel/studio/7.0/toolchain/avr8/avr8-gnu-toolchain/bin/../lib/gcc/avr/5.4.0/avr5\libgcc.a(_clear_bss.o)
 .text          0x00000000        0x0 c:/program files (x86)/atmel/studio/7.0/toolchain/avr8/avr8-gnu-toolchain/bin/../lib/gcc/avr/5.4.0/avr5\libgcc.a(_ctors.o)
 .data          0x00000000        0x0 c:/program files (x86)/atmel/studio/7.0/toolchain/avr8/avr8-gnu-toolchain/bin/../lib/gcc/avr/5.4.0/avr5\libgcc.a(_ctors.o)
 .bss           0x00000000        0x0 c:/program files (x86)/atmel/studio/7.0/toolchain/avr8/avr8-gnu-toolchain/bin/../lib/gcc/avr/5.4.0/avr5\libgcc.a(_ctors.o)
 .text.libgcc.mul
                0x00000000        0x0 c:/program files (x86)/atmel/studio/7.0/toolchain/avr8/avr8-gnu-toolchain/bin/../lib/gcc/avr/5.4.0/avr5\libgcc.a(_ctors.o)
 .text.libgcc.div
                0x00000000        0x0 c:/program files (x86)/atmel/studio/7.0/toolchain/avr8/avr8-gnu-toolchain/bin/../lib/gcc/avr/5.4.0/avr5\libgcc.a(_ctors.o)
 .text.libgcc   0x00000000        0x0 c:/program files (x86)/atmel/studio/7.0/toolchain/avr8/avr8-gnu-toolchain/bin/../lib/gcc/avr/5.4.0/avr5\libgcc.a(_ctors.o)
 .text.libgcc.prologue
                0x00000000        0x0 c:/program files (x86)/atmel/studio/7.0/toolchain/avr8/avr8-gnu-toolchain/bin/../lib/gcc/avr/5.4.0/avr5\libgcc.a(_ctors.o)
 .text.libgcc.builtins
                0x00000000        0x0 c:/program files (x86)/atmel/studio/7.0/toolchain/avr8/avr8-gnu-toolchain/bin/../lib/gcc/avr/5.4.0/avr5\libgcc.a(_ctors.o)
 .text.libgcc.fmul
                0x00000000        0x0 c:/program files (x86)/atmel/studio/7.0/toolchain/avr8/avr8-gnu-toolchain/bin/../lib/gcc/avr/5.4.0/avr5\libgcc.a(_ctors.o)
 .text.libgcc.fixed
                0x00000000        0x0 c:/program files (x86)/atmel/studio/7.0/toolchain/avr8/avr8-gnu-toolchain/bin/../lib/gcc/avr/5.4.0/avr5\libgcc.a(_ctors.o)
 .text          0x00000000        0x0 c:/program files (x86)/atmel/studio/7.0/toolchain/avr8/avr8-gnu-toolchain/bin/../lib/gcc/avr/5.4.0/avr5\libgcc.a(_muluhisi3.o)
 .data          0x00000000        0x0 c:/program files (x86)/atmel/studio/7.0/toolchain/avr8/avr8-gnu-toolchain/bin/../lib/gcc/avr/5.4.0/avr5\libgcc.a(_muluhisi3.o)
 .bss           0x00000000        0x0 c:/program files (x86)/atmel/studio/7.0/toolchain/avr8/avr8-gnu-toolchain/bin/../lib/gcc/avr/5.4.0/avr5\libgcc.a(_muluhisi3.o)
 .text.libgcc.div
                0x00000000        0x0 c:/program files (x86)/atmel/studio/7.0/toolchain/avr8/avr8-gnu-toolchain/bin/../lib/gcc/avr/5.4.0/avr5\libgcc.a(_muluhisi3.o)
 .text.libgcc   0x00000000        0x0 c:/program files (x86)/atmel/studio/7.0/toolchain/avr8/avr8-gnu-toolchain/bin/../lib/gcc/avr/5.4.0/avr5\libgcc.a(_muluhisi3.o)
 .text.libgcc.prologue
                0x00000000        0x0 c:/program files (x86)/atmel/studio/7.0/toolchain/avr8/avr8-gnu-toolchain/bin/../lib/gcc/avr/5.4.0/avr5\libgcc.a(_muluhisi3.o)
 .text.libgcc.builtins
                0x00000000        0x0 c:/program files (x86)/atmel/studio/7.0/toolchain/avr8/avr8-gnu-toolchain/bin/../lib/gcc/avr/5.4.0/avr5\libgcc.a(_muluhisi3.o)
 .text.libgcc.fmul
                0x00000000        0x0 c:/program files (x86)/atmel/studio/7.0/toolchain/avr8/avr8-gnu-toolchain/bin/../lib/gcc/avr/5.4.0/avr5\libgcc.a(_muluhisi3.o)
 .text.libgcc.fixed
                0x00000000        0x0 c:/program files (x86)/atmel/studio/7.0/toolchain/avr8/avr8-gnu-toolchain/bin/../lib/gcc/avr/5.4.0/avr5\libgcc.a(_muluhisi3.o)
 .text          0x00000000        0x0 c:/program files (x86)/atmel/studio/7.0/toolchain/avr8/avr8-gnu-toolchain/bin/../lib/gcc/avr/5.4.0/avr5\libgcc.a(_udivmodhi4.o)
 .data          0x00000000        0x0 c:/program files (x86)/atmel/studio/7.0/toolchain/avr8/avr8-gnu-toolchain/bin/../lib/gcc/avr/5.4.0/avr5\libgcc.a(_udivmodhi4.o)
 .bss           0x00000000        0x0 c:/program files (x86)/atmel/studio/7.0/toolchain/avr8/avr8-gnu-toolchain/bin/../lib/gcc/avr/5.4.0/avr5\libgcc.a(_udivmodhi4.o)
 .text.libgcc.mul
                0x00000000        0x0 c:/program files (x86)/atmel/studio/7.0/toolchain/avr8/avr8-gnu-toolchain/bin/../lib/gcc/avr/5.4.0/avr5\libgcc.a(_udivmodhi4.o)
 .text.libgcc   0x00000000        0x0 c:/program files (x86)/atmel/studio/7.0/toolchain/avr8/avr8-gnu-toolchain/bin/../lib/gcc/avr/5.4.0/avr5\libgcc.a(_udivmodhi4.o)
 .text.libgcc.prologue
                0x00000000        0x0 c:/program files (x86)/atmel/studio/7.0/toolchain/avr8/avr8-gnu-toolchain/bin/../lib/gcc/avr/5.4.0/avr5\libgcc.a(_udivmodhi4.o)
 .text.libgcc.builtins
                0x00000000        0x0 c:/program files (x86)/atmel/studio/7.0/toolchain/avr8/avr8-gnu-toolchain/bin/../lib/gcc/avr/5.4.0/avr5\libgcc.a(_udivmodhi4.o)
 .text.libgcc.fmul
                0x00000000        0x0 c:/program files (x86)/atmel/studio/7.0/toolchain/avr8/avr8-gnu-toolchain/bin/../lib/gcc/avr/5.4.0/avr5\libgcc.a(_udivmodhi4.o)
 .text.libgcc.fixed
                0x00000000        0x0 c:/program files (x86)/atmel/studio/7.0/toolchain/avr8/avr8-gnu-toolchain/bin/../lib/gcc/avr/5.4.0/avr5\libgcc.a(_udivmodhi4.o)
 .text          0x00000000        0x0 c:/program files (x86)/atmel/studio/7.0/toolchain/avr8/avr8-gnu-toolchain/bin/../lib/gcc/avr/5.4.0/avr5\libgcc.a(_tablejump2.o)
 .data          0x00000000        0x0 c:/program files (x86)/atmel/studio/7.0/toolchain/avr8/avr8-gnu-toolchain/bin/../lib/gcc/avr/5.4.0/avr5\libgcc.a(_tablejump2.o)
 .bss           0x00000000        0x0 c:/program files (x86)/atmel/studio/7.0/toolchain/avr8/avr8-gnu-toolchain/bin/../lib/gcc/avr/5.4.0/avr5\libgcc.a(_tablejump2.o)
 .text.libgcc.mul
                0x00000000        0x0 c:/program files (x86)/atmel/studio/7.0/toolchain/avr8/avr8-gnu-toolchain/bin/../lib/gcc/avr/5.4.0/avr5\libgcc.a(_tablejump2.o)
 .text.libgcc.div
                0x00000000        0x0 c:/program files (x86)/atmel/studio/7.0/toolchain/avr8/avr8-gnu-toolchain/bin/../lib/gcc/avr/5.4.0/avr5\libgcc.a(_tablejump2.o)
 .text.libgcc.prologue
                0x00000000        0x0 c:/program files (x86)/atmel/studio/7.0/toolchain/avr8/avr8-gnu-toolchain/bin/../lib/gcc/avr/5.4.0/avr5\libgcc.a(_tablejump2.o)
 .text.libgcc.builtins
                0x00000000        0x0 c:/program files (x86)/atmel/studio/7.0/toolchain/avr8/avr8-gnu-toolchain/bin/../lib/gcc/avr/5.4.0/avr5\libgcc.a(_tablejump2.o)
 .text.libgcc.fmul
                0x00000000        0x0 c:/program files (x86)/atmel/studio/7.0/toolchain/avr8/avr8-gnu-toolchain/bin/../lib/gcc/avr/5.4.0/avr5\libgcc.a(_tablejump2.o)
 .text.libgcc.fixed
                0x00000000        0x0 c:/program files (x86)/atmel/studio/7.0/toolchain/avr8/avr8-gnu-toolchain/bin/../lib/gcc/avr/5.4.0/avr5\libgcc.a(_tablejump2.o)
 .text          0x00000000        0x0 c:/program files (x86)/atmel/studio/7.0/toolchain/avr8/avr8-gnu-toolchain/bin/../lib/gcc/avr/5.4.0/avr5\libgcc.a(_umulhisi3.o)
 .data          0x00000000        0x0 c:/program files (x86)/atmel/studio/7.0/toolchain/avr8/avr8-gnu-toolchain/bin/../lib/gcc/avr/5.4.0/avr5\libgcc.a(_umulhisi3.o)
 .bss           0x00000000        0x0 c:/program files (x86)/atmel/studio/7.0/toolchain/avr8/avr8-gnu-toolchain/bin/../lib/gcc/avr/5.4.0/avr5\libgcc.a(_umulhisi3.o)
 .text.libgcc.div
                0x00000000        0x0 c:/program files (x86)/atmel/studio/7.0/toolchain/avr8/avr8-gnu-toolchain/bin/../lib/gcc/avr/5.4.0/avr5\libgcc.a(_umulhisi3.o)
 .text.libgcc   0x00000000        0x0 c:/program files (x86)/atmel/studio/7.0/toolchain/avr8/avr8-gnu-toolchain/bin/../lib/gcc/avr/5.4.0/avr5\libgcc.a(_umulhisi3.o)
 .text.libgcc.prologue
                0x00000000        0x0 c:/program files (x86)/atmel/studio/7.0/toolchain/avr8/avr8-gnu-toolchain/bin/../lib/gcc/avr/5.4.0/avr5\libgcc.a(_umulhisi3.o)
 .text.libgcc.builtins
                0x00000000        0x0 c:/program files (x86)/atmel/studio/7.0/toolchain/avr8/avr8-gnu-toolchain/bin/../lib/gcc/avr/5.4.0/avr5\libgcc.a(_umulhisi3.o)
 .text.libgcc.fmul
                0x00000000        0x0 c:/program files (x86)/atmel/studio/7.0/toolchain/avr8/avr8-gnu-toolchain/bin/../lib/gcc/avr/5.4.0/avr5\libgcc.a(_umulhisi3.o)
 .text.libgcc.fixed
                0x00000000        0x0 c:/program files (x86)/atmel/studio/7.0/toolchain/avr8/avr8-gnu-toolchain/bin/../lib/gcc/avr/5.4.0/avr5\libgcc.a(_umulhisi3.o)
 .text          0x00000000        0x0 C:/Program Files (x86)/Atmel/Studio/7.0/Packs/Atmel/ATmega_DFP/1.3.300/gcc/dev/atmega324pa/avr5\libatmega324pa.a(eerd_byte.o)
 .data          0x00000000        0x0 C:/Program Files (x86)/Atmel/Studio/7.0/Packs/Atmel/ATmega_DFP/1.3.300/gcc/dev/atmega324pa/avr5\libatmega324pa.a(eerd_byte.o)
 .bss           0x00000000        0x0 C:/Program Files (x86)/Atmel/Studio/7.0/Packs/Atmel/ATmega_DFP/1.3.300/gcc/dev/atmega324pa/avr5\libatmega324pa.a(eerd_byte.o)
 .text          0x00000000        0x0 C:/Program Files (x86)/Atmel/Studio/7.0/Packs/Atmel/ATmega_DFP/1.3.300/gcc/dev/atmega324pa/avr5\libatmega324pa.a(eewr_byte.o)
 .data          0x00000000        0x0 C:/Program Files (x86)/Atmel/Studio/7.0/Packs/Atmel/ATmega_DFP/1.3.300/gcc/dev/atmega324pa/avr5\libatmega324pa.a(eewr_byte.o)
 .bss           0x00000000        0x0 C:/Program Files (x86)/Atmel/Studio/7.0/Packs/Atmel/ATmega_DFP/1.3.300/gcc/dev/atmega324pa/avr5\libatmega324pa.a(eewr_byte.o)

Memory Configuration

Name             Origin             Length             Attributes
text             0x00000000         0x00020000         xr
data             0x00800060         0x0000ffa0         rw !x
eeprom           0x00810000         0x00010000         rw !x
fuse             0x00820000         0x00000003         rw !x
lock             0x00830000         0x00000400         rw !x
signature        0x00840000         0x00000400         rw !x
user_signatures  0x00850000         0x00000400         rw !x
*default*        0x00000000         0xffffffff

Linker script and memory map

Address of section .data set to 0x800100
LOAD C:/Program Files (x86)/Atmel/Studio/7.0/Packs/Atmel/ATmega_DFP/1.3.300/gcc/dev/atmega324pa/avr5/crtatmega324pa.o
LOAD ActionHandler.o
LOAD i2cmaster.o
LOAD main.o
LOAD MCP23017.o
LOAD MIDI.o
LOAD PedalComm.o
LOAD RotaryEncoder.o
LOAD SP10281_3x7segment.o
LOAD System.o
LOAD Timer.o
LOAD UART.o
LOAD UI.o
LOAD util.o
START GROUP
LOAD c:/program files (x86)/atmel/studio/7.0/toolchain/avr8/avr8-gnu-toolchain/bin/../lib/gcc/avr/5.4.0/../../../../avr/lib/avr5\libm.a
END GROUP
LOAD c:/program files (x86)/atmel/studio/7.0/toolchain/avr8/avr8-gnu-toolchain/bin/../lib/gcc/avr/5.4.0/avr5\libgcc.a
LOAD c:/program files (x86)/atmel/studio/7.0/toolchain/avr8/avr8-gnu-toolchain/bin/../lib/gcc/avr/5.4.0/../../../../avr/lib/avr5\libm.a
START GROUP
LOAD c:/program files (x86)/atmel/studio/7.0/toolchain/avr8/avr8-gnu-toolchain/bin/../lib/gcc/avr/5.4.0/avr5\libgcc.a
LOAD c:/program files (x86)/atmel/studio/7.0/toolchain/avr8/avr8-gnu-toolchain/bin/../lib/gcc/avr/5.4.0/../../../../avr/lib/avr5\libm.a
LOAD c:/program files (x86)/atmel/studio/7.0/toolchain/avr8/avr8-gnu-toolchain/bin/../lib/gcc/avr/5.4.0/../../../../avr/lib/avr5\libc.a
LOAD C:/Program Files (x86)/Atmel/Studio/7.0/Packs/Atmel/ATmega_DFP/1.3.300/gcc/dev/atmega324pa/avr5\libatmega324pa.a
END GROUP
                0x00020000                __TEXT_REGION_LENGTH__ = DEFINED (__TEXT_REGION_LENGTH__)?__TEXT_REGION_LENGTH__:0x20000
                0x0000ffa0                __DATA_REGION_LENGTH__ = DEFINED (__DATA_REGION_LENGTH__)?__DATA_REGION_LENGTH__:0xffa0
                0x00010000                __EEPROM_REGION_LENGTH__ = DEFINED (__EEPROM_REGION_LENGTH__)?__EEPROM_REGION_LENGTH__:0x10000
                [0x00000003]                __FUSE_REGION_LENGTH__ = DEFINED (__FUSE_REGION_LENGTH__)?__FUSE_REGION_LENGTH__:0x400
                0x00000400                __LOCK_REGION_LENGTH__ = DEFINED (__LOCK_REGION_LENGTH__)?__LOCK_REGION_LENGTH__:0x400
                0x00000400                __SIGNATURE_REGION_LENGTH__ = DEFINED (__SIGNATURE_REGION_LENGTH__)?__SIGNATURE_REGION_LENGTH__:0x400
                0x00000400                __USER_SIGNATURE_REGION_LENGTH__ = DEFINED (__USER_SIGNATURE_REGION_LENGTH__)?__USER_SIGNATURE_REGION_LENGTH__:0x400

.hash
 *(.hash)

.dynsym
 *(.dynsym)

.dynstr
 *(.dynstr)

.gnu.version
 *(.gnu.version)

.gnu.version_d
 *(.gnu.version_d)

.gnu.version_r
 *(.gnu.version_r)

.rel.init
 *(.rel.init)

.rela.init
 *(.rela.init)

.rel.text
 *(.rel.text)
 *(.rel.text.*)
 *(.rel.gnu.linkonce.t*)

.rela.text
 *(.rela.text)
 *(.rela.text.*)
 *(.rela.gnu.linkonce.t*)

.rel.fini
 *(.rel.fini)

.rela.fini
 *(.rela.fini)

.rel.rodata
 *(.rel.rodata)
 *(.rel.rodata.*)
 *(.rel.gnu.linkonce.r*)

.rela.rodata
 *(.rela.rodata)
 *(.rela.rodata.*)
 *(.rela.gnu.linkonce.r*)

.rel.data
 *(.rel.data)
 *(.rel.data.*)
 *(.rel.gnu.linkonce.d*)

.rela.data
 *(.rela.data)
 *(.rela.data.*)
 *(.rela.gnu.linkonce.d*)

.rel.ctors
 *(.rel.ctors)

.rela.ctors
 *(.rela.ctors)

.rel.dtors
 *(.rel.dtors)

.rela.dtors
 *(.rela.dtors)

.rel.got
 *(.rel.got)

.rela.got
 *(.rela.got)

.rel.bss
 *(.rel.bss)

.rela.bss
 *(.rela.bss)

.rel.plt
 *(.rel.plt)

.rela.plt
 *(.rela.plt)

.text           0x00000000     0x144a
 *(.vectors)
 .vectors       0x00000000       0x7c C:/Program Files (x86)/Atmel/Studio/7.0/Packs/Atmel/ATmega_DFP/1.3.300/gcc/dev/atmega324pa/avr5/crtatmega324pa.o
                0x00000000                __vector_default
                0x00000000                __vectors
 *(.vectors)
 *(.progmem.gcc*)
                0x0000007c                . = ALIGN (0x2)
                0x0000007c                __trampolines_start = .
 *(.trampolines)
 .trampolines   0x0000007c        0x0 linker stubs
 *(.trampolines*)
                0x0000007c                __trampolines_end = .
 *libprintf_flt.a:*(.progmem.data)
 *libc.a:*(.progmem.data)
 *(.progmem*)
                0x0000007c                . = ALIGN (0x2)
 *(.jumptables)
 *(.jumptables*)
 *(.lowtext)
 *(.lowtext*)
                0x0000007c                __ctors_start = .
 *(.ctors)
 .ctors         0x0000007c        0x2 UI.o
                0x0000007e                __ctors_end = .
                0x0000007e                __dtors_start = .
 *(.dtors)
                0x0000007e                __dtors_end = .
 SORT(*)(.ctors)
 SORT(*)(.dtors)
 *(.init0)
 .init0         0x0000007e        0x0 C:/Program Files (x86)/Atmel/Studio/7.0/Packs/Atmel/ATmega_DFP/1.3.300/gcc/dev/atmega324pa/avr5/crtatmega324pa.o
                0x0000007e                __init
 *(.init0)
 *(.init1)
 *(.init1)
 *(.init2)
 .init2         0x0000007e        0xc C:/Program Files (x86)/Atmel/Studio/7.0/Packs/Atmel/ATmega_DFP/1.3.300/gcc/dev/atmega324pa/avr5/crtatmega324pa.o
 *(.init2)
 *(.init3)
 *(.init3)
 *(.init4)
 .init4         0x0000008a       0x16 c:/program files (x86)/atmel/studio/7.0/toolchain/avr8/avr8-gnu-toolchain/bin/../lib/gcc/avr/5.4.0/avr5\libgcc.a(_copy_data.o)
                0x0000008a                __do_copy_data
 .init4         0x000000a0       0x10 c:/program files (x86)/atmel/studio/7.0/toolchain/avr8/avr8-gnu-toolchain/bin/../lib/gcc/avr/5.4.0/avr5\libgcc.a(_clear_bss.o)
                0x000000a0                __do_clear_bss
 *(.init4)
 *(.init5)
 *(.init5)
 *(.init6)
 .init6         0x000000b0       0x16 c:/program files (x86)/atmel/studio/7.0/toolchain/avr8/avr8-gnu-toolchain/bin/../lib/gcc/avr/5.4.0/avr5\libgcc.a(_ctors.o)
                0x000000b0                __do_global_ctors
 *(.init6)
 *(.init7)
 *(.init7)
 *(.init8)
 *(.init8)
 *(.init9)
 .init9         0x000000c6        0x8 C:/Program Files (x86)/Atmel/Studio/7.0/Packs/Atmel/ATmega_DFP/1.3.300/gcc/dev/atmega324pa/avr5/crtatmega324pa.o
 *(.init9)
 *(.text)
 .text          0x000000ce        0x4 C:/Program Files (x86)/Atmel/Studio/7.0/Packs/Atmel/ATmega_DFP/1.3.300/gcc/dev/atmega324pa/avr5/crtatmega324pa.o
                0x000000ce                __vector_1
                0x000000ce                __vector_24
                0x000000ce                __vector_12
                0x000000ce                __bad_interrupt
                0x000000ce                __vector_6
                0x000000ce                __vector_23
                0x000000ce                __vector_30
                0x000000ce                __vector_25
                0x000000ce                __vector_11
                0x000000ce                __vector_13
                0x000000ce                __vector_17
                0x000000ce                __vector_19
                0x000000ce                __vector_7
                0x000000ce                __vector_27
                0x000000ce                __vector_4
                0x000000ce                __vector_9
                0x000000ce                __vector_2
                0x000000ce                __vector_15
                0x000000ce                __vector_8
                0x000000ce                __vector_26
                0x000000ce                __vector_14
                0x000000ce                __vector_10
                0x000000ce                __vector_18
                0x000000d2                . = ALIGN (0x2)
 *(.text.*)
 .text._Z24Handle_MIDIProgramChangev
                0x000000d2        0x2 ActionHandler.o
                0x000000d2                _Z24Handle_MIDIProgramChangev
 .text._Z19Handle_PedalCommand3CMDhPh
                0x000000d4       0x34 ActionHandler.o
                0x000000d4                _Z19Handle_PedalCommand3CMDhPh
 .text._Z26Handle_RotaryEncoderActionv
                0x00000108       0xd4 ActionHandler.o
                0x00000108                _Z26Handle_RotaryEncoderActionv
 .text._Z8i2c_initv
                0x000001dc        0xc i2cmaster.o
                0x000001dc                _Z8i2c_initv
 .text._Z9i2c_starth
                0x000001e8       0x4e i2cmaster.o
                0x000001e8                _Z9i2c_starth
 .text._Z8i2c_stopv
                0x00000236       0x12 i2cmaster.o
                0x00000236                _Z8i2c_stopv
 .text._Z9i2c_writeh
                0x00000248       0x24 i2cmaster.o
                0x00000248                _Z9i2c_writeh
 .text._Z11i2c_readNakv
                0x0000026c       0x16 i2cmaster.o
                0x0000026c                _Z11i2c_readNakv
 .text.main     0x00000282       0xf0 main.o
                0x00000282                main
 .text._Z17MCP23017_WriteReghhh
                0x00000372       0x26 MCP23017.o
                0x00000372                _Z17MCP23017_WriteReghhh
 .text._Z16MCP23017_ReadReghh
                0x00000398       0x2e MCP23017.o
                0x00000398                _Z16MCP23017_ReadReghh
 .text._ZN10MCP_OutputC2Ev
                0x000003c6        0x2 MCP23017.o
                0x000003c6                _ZN10MCP_OutputC2Ev
                0x000003c6                _ZN10MCP_OutputC1Ev
 .text._ZN10MCP_Output3SetEv
                0x000003c8       0x7a MCP23017.o
                0x000003c8                _ZN10MCP_Output3SetEv
 .text._ZN10MCP_Output5ClearEv
                0x00000442       0x7a MCP23017.o
                0x00000442                _ZN10MCP_Output5ClearEv
 .text._ZN10MCP_OutputC2Eh13MCP23017_Port12MCP23017_Pin
                0x000004bc       0x48 MCP23017.o
                0x000004bc                _ZN10MCP_OutputC2Eh13MCP23017_Port12MCP23017_Pin
                0x000004bc                _ZN10MCP_OutputC1Eh13MCP23017_Port12MCP23017_Pin
 .text._ZN10MCP_Output18SetAutoToggleSpeedEj
                0x00000504       0x14 MCP23017.o
                0x00000504                _ZN10MCP_Output18SetAutoToggleSpeedEj
 .text._ZN10MCP_Output17PerformAutoToggleEh
                0x00000518       0x3e MCP23017.o
                0x00000518                _ZN10MCP_Output17PerformAutoToggleEh
 .text._Z9MIDI_Initv
                0x00000556       0x26 MIDI.o
                0x00000556                _Z9MIDI_Initv
 .text._Z20MIDI_ReceiveIncomingv
                0x0000057c       0x76 MIDI.o
                0x0000057c                _Z20MIDI_ReceiveIncomingv
 .text._Z21PedalComm_RxAvailablev
                0x000005f2       0x12 PedalComm.o
                0x000005f2                _Z21PedalComm_RxAvailablev
 .text._Z21PedalComm_TxAvailablev
                0x00000604       0x12 PedalComm.o
                0x00000604                _Z21PedalComm_TxAvailablev
 .text._Z22PedalComm_FlushTxQueuev
                0x00000616       0x24 PedalComm.o
                0x00000616                _Z22PedalComm_FlushTxQueuev
 .text._Z17PedalComm_Receivev
                0x0000063a      0x184 PedalComm.o
                0x0000063a                _Z17PedalComm_Receivev
 .text._Z24PedalComm_HandleReceivedv
                0x000007be       0x62 PedalComm.o
                0x000007be                _Z24PedalComm_HandleReceivedv
 .text._Z22PedalComm_QueueCommand3CMDhPh
                0x00000820       0xb2 PedalComm.o
                0x00000820                _Z22PedalComm_QueueCommand3CMDhPh
 .text._Z20PedalComm_PutCommandv
                0x000008d2      0x138 PedalComm.o
                0x000008d2                _Z20PedalComm_PutCommandv
 .text._Z12Select_RX_TX13CommDirection
                0x00000a0a       0x10 PedalComm.o
                0x00000a0a                _Z12Select_RX_TX13CommDirection
 .text._Z18PedalComm_Transmitv
                0x00000a1a        0xc PedalComm.o
                0x00000a1a                _Z18PedalComm_Transmitv
 .text.__vector_22
                0x00000a26       0x4a PedalComm.o
                0x00000a26                __vector_22
 .text._Z18RotaryEncoder_Initv
                0x00000a70       0x28 RotaryEncoder.o
                0x00000a70                _Z18RotaryEncoder_Initv
 .text._Z29RotaryEncoder_EnableInterruptv
                0x00000a98       0x12 RotaryEncoder.o
                0x00000a98                _Z29RotaryEncoder_EnableInterruptv
 .text.__vector_5
                0x00000aaa       0x42 RotaryEncoder.o
                0x00000aaa                __vector_5
 .text.__vector_3
                0x00000aec       0x3c RotaryEncoder.o
                0x00000aec                __vector_3
 .text._Z14SP10281_Updatev
                0x00000b28       0x48 SP10281_3x7segment.o
                0x00000b28                _Z14SP10281_Updatev
 .text._Z18SP10281_WriteDigithch
                0x00000b70       0x64 SP10281_3x7segment.o
                0x00000b70                _Z18SP10281_WriteDigithch
 .text._Z17SP10281_WriteCharccchhh
                0x00000bd4       0x3a SP10281_3x7segment.o
                0x00000bd4                _Z17SP10281_WriteCharccchhh
 .text._Z19SP10281_WriteNumbers
                0x00000c0e       0x70 SP10281_3x7segment.o
                0x00000c0e                _Z19SP10281_WriteNumbers
 .text._Z12SP10281_Initv
                0x00000c7e       0x14 SP10281_3x7segment.o
                0x00000c7e                _Z12SP10281_Initv
 .text._Z10System_Runv
                0x00000c92        0x6 System.o
                0x00000c92                _Z10System_Runv
 .text._Z11Timer0_Initv
                0x00000c98       0x1e Timer.o
                0x00000c98                _Z11Timer0_Initv
 .text._Z13Timer0_ms2cntm
                0x00000cb6       0x1e Timer.o
                0x00000cb6                _Z13Timer0_ms2cntm
 .text.__vector_16
                0x00000cd4      0x13e Timer.o
                0x00000cd4                __vector_16
 .text._Z10UART0_Initjhh
                0x00000e12       0xcc UART.o
                0x00000e12                _Z10UART0_Initjhh
 .text._Z13UART0_GetCharv
                0x00000ede       0x36 UART.o
                0x00000ede                _Z13UART0_GetCharv
 .text._Z15UART0_Availablev
                0x00000f14       0x1a UART.o
                0x00000f14                _Z15UART0_Availablev
 .text._Z15UART0_QueueCharh
                0x00000f2e       0x2a UART.o
                0x00000f2e                _Z15UART0_QueueCharh
 .text._Z14UART0_PutQueuev
                0x00000f58        0xc UART.o
                0x00000f58                _Z14UART0_PutQueuev
 .text.__vector_20
                0x00000f64       0x56 UART.o
                0x00000f64                __vector_20
 .text.__vector_21
                0x00000fba       0x54 UART.o
                0x00000fba                __vector_21
 .text._Z10UART1_Initjhh
                0x0000100e       0xc6 UART.o
                0x0000100e                _Z10UART1_Initjhh
 .text._Z13UART1_GetCharv
                0x000010d4       0x36 UART.o
                0x000010d4                _Z13UART1_GetCharv
 .text._Z15UART1_Availablev
                0x0000110a       0x1a UART.o
                0x0000110a                _Z15UART1_Availablev
 .text.__vector_28
                0x00001124       0x56 UART.o
                0x00001124                __vector_28
 .text.__vector_29
                0x0000117a       0x54 UART.o
                0x0000117a                __vector_29
 .text._Z7UI_Initv
                0x000011ce      0x118 UI.o
                0x000011ce                _Z7UI_Initv
 .text._GLOBAL__sub_I_ModeRun_LED
                0x000012e6       0x60 UI.o
 .text.libgcc.div
                0x00001346       0x28 c:/program files (x86)/atmel/studio/7.0/toolchain/avr8/avr8-gnu-toolchain/bin/../lib/gcc/avr/5.4.0/avr5\libgcc.a(_divmodhi4.o)
                0x00001346                _div
                0x00001346                __divmodhi4
 .text.libgcc.div
                0x0000136e       0x44 c:/program files (x86)/atmel/studio/7.0/toolchain/avr8/avr8-gnu-toolchain/bin/../lib/gcc/avr/5.4.0/avr5\libgcc.a(_udivmodsi4.o)
                0x0000136e                __udivmodsi4
 .text.libgcc.mul
                0x000013b2       0x16 c:/program files (x86)/atmel/studio/7.0/toolchain/avr8/avr8-gnu-toolchain/bin/../lib/gcc/avr/5.4.0/avr5\libgcc.a(_muluhisi3.o)
                0x000013b2                __muluhisi3
 .text.libgcc.div
                0x000013c8       0x28 c:/program files (x86)/atmel/studio/7.0/toolchain/avr8/avr8-gnu-toolchain/bin/../lib/gcc/avr/5.4.0/avr5\libgcc.a(_udivmodhi4.o)
                0x000013c8                __udivmodhi4
 .text.libgcc   0x000013f0        0xc c:/program files (x86)/atmel/studio/7.0/toolchain/avr8/avr8-gnu-toolchain/bin/../lib/gcc/avr/5.4.0/avr5\libgcc.a(_tablejump2.o)
                0x000013f0                __tablejump2__
 .text.libgcc.mul
                0x000013fc       0x1e c:/program files (x86)/atmel/studio/7.0/toolchain/avr8/avr8-gnu-toolchain/bin/../lib/gcc/avr/5.4.0/avr5\libgcc.a(_umulhisi3.o)
                0x000013fc                __umulhisi3
 .text.avr-libc
                0x0000141a       0x10 C:/Program Files (x86)/Atmel/Studio/7.0/Packs/Atmel/ATmega_DFP/1.3.300/gcc/dev/atmega324pa/avr5\libatmega324pa.a(eerd_byte.o)
                0x0000141a                eeprom_read_byte
 .text.avr-libc
                0x0000142a       0x1c C:/Program Files (x86)/Atmel/Studio/7.0/Packs/Atmel/ATmega_DFP/1.3.300/gcc/dev/atmega324pa/avr5\libatmega324pa.a(eewr_byte.o)
                0x0000142a                eeprom_write_byte
                0x0000142c                eeprom_write_r18
                0x00001446                . = ALIGN (0x2)
 *(.fini9)
 .fini9         0x00001446        0x0 c:/program files (x86)/atmel/studio/7.0/toolchain/avr8/avr8-gnu-toolchain/bin/../lib/gcc/avr/5.4.0/avr5\libgcc.a(_exit.o)
                0x00001446                _exit
                0x00001446                exit
 *(.fini9)
 *(.fini8)
 *(.fini8)
 *(.fini7)
 *(.fini7)
 *(.fini6)
 *(.fini6)
 *(.fini5)
 *(.fini5)
 *(.fini4)
 *(.fini4)
 *(.fini3)
 *(.fini3)
 *(.fini2)
 *(.fini2)
 *(.fini1)
 *(.fini1)
 *(.fini0)
 .fini0         0x00001446        0x4 c:/program files (x86)/atmel/studio/7.0/toolchain/avr8/avr8-gnu-toolchain/bin/../lib/gcc/avr/5.4.0/avr5\libgcc.a(_exit.o)
 *(.fini0)
                0x0000144a                _etext = .

.data           0x00800100       0x2a load address 0x0000144a
                0x00800100                PROVIDE (__data_start, .)
 *(.data)
 *(.data*)
 .data._ZN10MCP_Output18AutoToggle_TimeoutE
                0x00800100        0x2 MCP23017.o
                0x00800100                _ZN10MCP_Output18AutoToggle_TimeoutE
 .data.PedalComm_ResponseTimeoutOvfCnt
                0x00800102        0x2 PedalComm.o
                0x00800102                PedalComm_ResponseTimeoutOvfCnt
 .data._ZL18SP10281_DigitTable
                0x00800104       0x26 SP10281_3x7segment.o
 *(.gnu.linkonce.d*)
 *(.rodata)
 *(.rodata*)
 *(.gnu.linkonce.r*)
                0x0080012a                . = ALIGN (0x2)
                0x0080012a                _edata = .
                0x0080012a                PROVIDE (__data_end, .)

.bss            0x0080012a      0x158
                0x0080012a                PROVIDE (__bss_start, .)
 *(.bss)
 *(.bss*)
 .bss._ZZ26Handle_RotaryEncoderActionvE6rotCnt
                0x0080012a        0x1 ActionHandler.o
 .bss._ZN10MCP_Output16AutoToggle_PortBE
                0x0080012b        0x1 MCP23017.o
                0x0080012b                _ZN10MCP_Output16AutoToggle_PortBE
 .bss._ZN10MCP_Output16AutoToggle_PortAE
                0x0080012c        0x1 MCP23017.o
                0x0080012c                _ZN10MCP_Output16AutoToggle_PortAE
 .bss._ZN10MCP_Output15AutoToggle_FlagE
                0x0080012d        0x1 MCP23017.o
                0x0080012d                _ZN10MCP_Output15AutoToggle_FlagE
 .bss._ZN10MCP_Output17AutoToggle_OvfCntE
                0x0080012e        0x2 MCP23017.o
                0x0080012e                _ZN10MCP_Output17AutoToggle_OvfCntE
 .bss._ZZ20MIDI_ReceiveIncomingvE10RX_ByteCnt
                0x00800130        0x1 MIDI.o
 .bss.MIDI_ProgramChangeFlag
                0x00800131        0x1 MIDI.o
                0x00800131                MIDI_ProgramChangeFlag
 .bss.MIDI_ReceivedProgram
                0x00800132        0x1 MIDI.o
                0x00800132                MIDI_ReceivedProgram
 .bss.MIDI_RxBuffer
                0x00800133        0x3 MIDI.o
                0x00800133                MIDI_RxBuffer
 .bss.System_MIDI_Channel
                0x00800136        0x1 MIDI.o
                0x00800136                System_MIDI_Channel
 .bss._ZZ17PedalComm_ReceivevE10RX_ByteCnt
                0x00800137        0x1 PedalComm.o
 .bss.NackCnt   0x00800138        0x1 PedalComm.o
                0x00800138                NackCnt
 .bss.PedalComm_ConnectionOpen
                0x00800139        0x1 PedalComm.o
                0x00800139                PedalComm_ConnectionOpen
 .bss.PedalComm_ResponseTimeoutFlag
                0x0080013a        0x1 PedalComm.o
                0x0080013a                PedalComm_ResponseTimeoutFlag
 .bss.PedalComm_DelayTXOvfCnt
                0x0080013b        0x1 PedalComm.o
                0x0080013b                PedalComm_DelayTXOvfCnt
 .bss.PedalComm_DelayTxFlag
                0x0080013c        0x1 PedalComm.o
                0x0080013c                PedalComm_DelayTxFlag
 .bss.TxTail    0x0080013d        0x1 PedalComm.o
                0x0080013d                TxTail
 .bss.TxHead    0x0080013e        0x1 PedalComm.o
                0x0080013e                TxHead
 .bss.RxTail    0x0080013f        0x1 PedalComm.o
                0x0080013f                RxTail
 .bss.RxHead    0x00800140        0x1 PedalComm.o
                0x00800140                RxHead
 .bss.TX_CommandQueue
                0x00800141       0x40 PedalComm.o
                0x00800141                TX_CommandQueue
 .bss.RX_CommandQueue
                0x00800181       0x20 PedalComm.o
                0x00800181                RX_CommandQueue
 .bss.RX_Buffer
                0x008001a1       0x10 PedalComm.o
                0x008001a1                RX_Buffer
 .bss.RotEnc_State
                0x008001b1        0x1 RotaryEncoder.o
                0x008001b1                RotEnc_State
 .bss.RotaryEncoder_OvfCnt
                0x008001b2        0x2 RotaryEncoder.o
                0x008001b2                RotaryEncoder_OvfCnt
 .bss._ZZ14SP10281_UpdatevE3tmp
                0x008001b4        0x1 SP10281_3x7segment.o
 .bss.SP10281_OvfFlag
                0x008001b5        0x1 SP10281_3x7segment.o
                0x008001b5                SP10281_OvfFlag
 .bss.SP10281_OvfCnt
                0x008001b6        0x1 SP10281_3x7segment.o
                0x008001b6                SP10281_OvfCnt
 .bss.SP10281_DigitCnt
                0x008001b7        0x1 SP10281_3x7segment.o
                0x008001b7                SP10281_DigitCnt
 .bss.SP10281_DigitData
                0x008001b8        0x3 SP10281_3x7segment.o
                0x008001b8                SP10281_DigitData
 .bss.SystemState
                0x008001bb        0x1 System.o
                0x008001bb                SystemState
 .bss._ZL17UART1_LastRxError
                0x008001bc        0x1 UART.o
 .bss._ZL12UART1_RxTail
                0x008001bd        0x1 UART.o
 .bss._ZL12UART1_RxHead
                0x008001be        0x1 UART.o
 .bss._ZL12UART1_TxTail
                0x008001bf        0x1 UART.o
 .bss._ZL12UART1_TxHead
                0x008001c0        0x1 UART.o
 .bss._ZL11UART1_RxBuf
                0x008001c1       0x20 UART.o
 .bss._ZL11UART1_TxBuf
                0x008001e1       0x20 UART.o
 .bss._ZL17UART0_LastRxError
                0x00800201        0x1 UART.o
 .bss._ZL12UART0_RxTail
                0x00800202        0x1 UART.o
 .bss._ZL12UART0_RxHead
                0x00800203        0x1 UART.o
 .bss._ZL12UART0_TxTail
                0x00800204        0x1 UART.o
 .bss._ZL12UART0_TxHead
                0x00800205        0x1 UART.o
 .bss._ZL11UART0_RxBuf
                0x00800206       0x20 UART.o
 .bss._ZL11UART0_TxBuf
                0x00800226       0x20 UART.o
 .bss.SW_Ctrl_LEDs
                0x00800246       0x10 UI.o
                0x00800246                SW_Ctrl_LEDs
 .bss.LoopPreset_LEDs
                0x00800256       0x20 UI.o
                0x00800256                LoopPreset_LEDs
 .bss.ModeMIDI_LED
                0x00800276        0x4 UI.o
                0x00800276                ModeMIDI_LED
 .bss.ModePreset_LED
                0x0080027a        0x4 UI.o
                0x0080027a                ModePreset_LED
 .bss.ModeRun_LED
                0x0080027e        0x4 UI.o
                0x0080027e                ModeRun_LED
 *(COMMON)
                0x00800282                PROVIDE (__bss_end, .)
                0x0000144a                __data_load_start = LOADADDR (.data)
                0x00001474                __data_load_end = (__data_load_start + SIZEOF (.data))

.noinit         0x00800282        0x0
                [!provide]                PROVIDE (__noinit_start, .)
 *(.noinit*)
                [!provide]                PROVIDE (__noinit_end, .)
                0x00800282                _end = .
                [!provide]                PROVIDE (__heap_start, .)

.eeprom         0x00810000        0x0
 *(.eeprom*)
                0x00810000                __eeprom_end = .

.fuse
 *(.fuse)
 *(.lfuse)
 *(.hfuse)
 *(.efuse)

.lock
 *(.lock*)

.signature
 *(.signature*)

.user_signatures
 *(.user_signatures*)

.stab
 *(.stab)

.stabstr
 *(.stabstr)

.stab.excl
 *(.stab.excl)

.stab.exclstr
 *(.stab.exclstr)

.stab.index
 *(.stab.index)

.stab.indexstr
 *(.stab.indexstr)

.comment        0x00000000       0x30
 *(.comment)
 .comment       0x00000000       0x30 ActionHandler.o
                                 0x31 (size before relaxing)
 .comment       0x00000030       0x31 i2cmaster.o
 .comment       0x00000030       0x31 main.o
 .comment       0x00000030       0x31 MCP23017.o
 .comment       0x00000030       0x31 MIDI.o
 .comment       0x00000030       0x31 PedalComm.o
 .comment       0x00000030       0x31 RotaryEncoder.o
 .comment       0x00000030       0x31 SP10281_3x7segment.o
 .comment       0x00000030       0x31 System.o
 .comment       0x00000030       0x31 Timer.o
 .comment       0x00000030       0x31 UART.o
 .comment       0x00000030       0x31 UI.o

.note.gnu.avr.deviceinfo
                0x00000000       0x40
 .note.gnu.avr.deviceinfo
                0x00000000       0x40 C:/Program Files (x86)/Atmel/Studio/7.0/Packs/Atmel/ATmega_DFP/1.3.300/gcc/dev/atmega324pa/avr5/crtatmega324pa.o

.note.gnu.build-id
 *(.note.gnu.build-id)

.debug
 *(.debug)

.line
 *(.line)

.debug_srcinfo
 *(.debug_srcinfo)

.debug_sfnames
 *(.debug_sfnames)

.debug_aranges  0x00000000      0x3d0
 *(.debug_aranges)
 .debug_aranges
                0x00000000       0x30 ActionHandler.o
 .debug_aranges
                0x00000030       0x58 i2cmaster.o
 .debug_aranges
                0x00000088       0x20 main.o
 .debug_aranges
                0x000000a8       0x88 MCP23017.o
 .debug_aranges
                0x00000130       0x30 MIDI.o
 .debug_aranges
                0x00000160       0x70 PedalComm.o
 .debug_aranges
                0x000001d0       0x40 RotaryEncoder.o
 .debug_aranges
                0x00000210       0x40 SP10281_3x7segment.o
 .debug_aranges
                0x00000250       0x28 System.o
 .debug_aranges
                0x00000278       0x30 Timer.o
 .debug_aranges
                0x000002a8       0xc0 UART.o
 .debug_aranges
                0x00000368       0x28 UI.o
 .debug_aranges
                0x00000390       0x20 C:/Program Files (x86)/Atmel/Studio/7.0/Packs/Atmel/ATmega_DFP/1.3.300/gcc/dev/atmega324pa/avr5\libatmega324pa.a(eerd_byte.o)
 .debug_aranges
                0x000003b0       0x20 C:/Program Files (x86)/Atmel/Studio/7.0/Packs/Atmel/ATmega_DFP/1.3.300/gcc/dev/atmega324pa/avr5\libatmega324pa.a(eewr_byte.o)

.debug_pubnames
 *(.debug_pubnames)

.debug_info     0x00000000     0x3b3b
 *(.debug_info .gnu.linkonce.wi.*)
 .debug_info    0x00000000      0x6cc C:/Program Files (x86)/Atmel/Studio/7.0/Packs/Atmel/ATmega_DFP/1.3.300/gcc/dev/atmega324pa/avr5/crtatmega324pa.o
 .debug_info    0x000006cc      0x533 ActionHandler.o
 .debug_info    0x00000bff      0x1d5 i2cmaster.o
 .debug_info    0x00000dd4      0x675 main.o
 .debug_info    0x00001449      0xa63 MCP23017.o
 .debug_info    0x00001eac      0x208 MIDI.o
 .debug_info    0x000020b4      0x620 PedalComm.o
 .debug_info    0x000026d4      0x152 RotaryEncoder.o
 .debug_info    0x00002826      0x32d SP10281_3x7segment.o
 .debug_info    0x00002b53       0xf6 System.o
 .debug_info    0x00002c49      0x1b7 Timer.o
 .debug_info    0x00002e00      0x69b UART.o
 .debug_info    0x0000349b      0x56a UI.o
 .debug_info    0x00003a05       0x9b C:/Program Files (x86)/Atmel/Studio/7.0/Packs/Atmel/ATmega_DFP/1.3.300/gcc/dev/atmega324pa/avr5\libatmega324pa.a(eerd_byte.o)
 .debug_info    0x00003aa0       0x9b C:/Program Files (x86)/Atmel/Studio/7.0/Packs/Atmel/ATmega_DFP/1.3.300/gcc/dev/atmega324pa/avr5\libatmega324pa.a(eewr_byte.o)

.debug_abbrev   0x00000000     0x1924
 *(.debug_abbrev)
 .debug_abbrev  0x00000000      0x66e C:/Program Files (x86)/Atmel/Studio/7.0/Packs/Atmel/ATmega_DFP/1.3.300/gcc/dev/atmega324pa/avr5/crtatmega324pa.o
 .debug_abbrev  0x0000066e      0x23a ActionHandler.o
 .debug_abbrev  0x000008a8       0xe9 i2cmaster.o
 .debug_abbrev  0x00000991      0x1a0 main.o
 .debug_abbrev  0x00000b31      0x310 MCP23017.o
 .debug_abbrev  0x00000e41      0x10d MIDI.o
 .debug_abbrev  0x00000f4e      0x25d PedalComm.o
 .debug_abbrev  0x000011ab       0xa8 RotaryEncoder.o
 .debug_abbrev  0x00001253      0x111 SP10281_3x7segment.o
 .debug_abbrev  0x00001364       0x79 System.o
 .debug_abbrev  0x000013dd       0xc6 Timer.o
 .debug_abbrev  0x000014a3      0x268 UART.o
 .debug_abbrev  0x0000170b      0x1f1 UI.o
 .debug_abbrev  0x000018fc       0x14 C:/Program Files (x86)/Atmel/Studio/7.0/Packs/Atmel/ATmega_DFP/1.3.300/gcc/dev/atmega324pa/avr5\libatmega324pa.a(eerd_byte.o)
 .debug_abbrev  0x00001910       0x14 C:/Program Files (x86)/Atmel/Studio/7.0/Packs/Atmel/ATmega_DFP/1.3.300/gcc/dev/atmega324pa/avr5\libatmega324pa.a(eewr_byte.o)

.debug_line     0x00000000     0x1c77
 *(.debug_line .debug_line.* .debug_line_end)
 .debug_line    0x00000000      0x151 C:/Program Files (x86)/Atmel/Studio/7.0/Packs/Atmel/ATmega_DFP/1.3.300/gcc/dev/atmega324pa/avr5/crtatmega324pa.o
 .debug_line    0x00000151      0x1c4 ActionHandler.o
 .debug_line    0x00000315      0x26e i2cmaster.o
 .debug_line    0x00000583      0x241 main.o
 .debug_line    0x000007c4      0x359 MCP23017.o
 .debug_line    0x00000b1d      0x1b1 MIDI.o
 .debug_line    0x00000cce      0x375 PedalComm.o
 .debug_line    0x00001043      0x11c RotaryEncoder.o
 .debug_line    0x0000115f      0x16b SP10281_3x7segment.o
 .debug_line    0x000012ca       0x5f System.o
 .debug_line    0x00001329      0x1e2 Timer.o
 .debug_line    0x0000150b      0x523 UART.o
 .debug_line    0x00001a2e      0x131 UI.o
 .debug_line    0x00001b5f       0x7a C:/Program Files (x86)/Atmel/Studio/7.0/Packs/Atmel/ATmega_DFP/1.3.300/gcc/dev/atmega324pa/avr5\libatmega324pa.a(eerd_byte.o)
 .debug_line    0x00001bd9       0x9e C:/Program Files (x86)/Atmel/Studio/7.0/Packs/Atmel/ATmega_DFP/1.3.300/gcc/dev/atmega324pa/avr5\libatmega324pa.a(eewr_byte.o)

.debug_frame    0x00000000      0x860
 *(.debug_frame)
 .debug_frame   0x00000000       0x50 ActionHandler.o
 .debug_frame   0x00000050       0xa0 i2cmaster.o
 .debug_frame   0x000000f0       0x24 main.o
 .debug_frame   0x00000114      0x168 MCP23017.o
 .debug_frame   0x0000027c       0x50 MIDI.o
 .debug_frame   0x000002cc      0x120 PedalComm.o
 .debug_frame   0x000003ec       0xa0 RotaryEncoder.o
 .debug_frame   0x0000048c       0x8c SP10281_3x7segment.o
 .debug_frame   0x00000518       0x34 System.o
 .debug_frame   0x0000054c       0x64 Timer.o
 .debug_frame   0x000005b0      0x248 UART.o
 .debug_frame   0x000007f8       0x68 UI.o

.debug_str      0x00000000     0x1703
 *(.debug_str)
 .debug_str     0x00000000      0x255 C:/Program Files (x86)/Atmel/Studio/7.0/Packs/Atmel/ATmega_DFP/1.3.300/gcc/dev/atmega324pa/avr5/crtatmega324pa.o
 .debug_str     0x00000255      0x5f6 ActionHandler.o
                                0x660 (size before relaxing)
 .debug_str     0x0000084b       0xff i2cmaster.o
                                0x29f (size before relaxing)
 .debug_str     0x0000094a      0x393 main.o
                                0x8fc (size before relaxing)
 .debug_str     0x00000cdd      0x250 MCP23017.o
                                0x69e (size before relaxing)
 .debug_str     0x00000f2d      0x104 MIDI.o
                                0x315 (size before relaxing)
 .debug_str     0x00001031      0x249 PedalComm.o
                                0x730 (size before relaxing)
 .debug_str     0x0000127a       0x8a RotaryEncoder.o
                                0x2f3 (size before relaxing)
 .debug_str     0x00001304       0xa7 SP10281_3x7segment.o
                                0x304 (size before relaxing)
 .debug_str     0x000013ab       0x2d System.o
                                0x299 (size before relaxing)
 .debug_str     0x000013d8       0x24 Timer.o
                                0x32c (size before relaxing)
 .debug_str     0x000013fc      0x273 UART.o
                                0x56b (size before relaxing)
 .debug_str     0x0000166f       0x94 UI.o
                                0x4b3 (size before relaxing)

.debug_loc      0x00000000     0x1a03
 *(.debug_loc)
 .debug_loc     0x00000000      0x18b ActionHandler.o
 .debug_loc     0x0000018b      0x12d i2cmaster.o
 .debug_loc     0x000002b8      0x77a MCP23017.o
 .debug_loc     0x00000a32       0x50 MIDI.o
 .debug_loc     0x00000a82      0x1d2 PedalComm.o
 .debug_loc     0x00000c54       0xb9 RotaryEncoder.o
 .debug_loc     0x00000d0d      0x2d6 SP10281_3x7segment.o
 .debug_loc     0x00000fe3       0xb5 Timer.o
 .debug_loc     0x00001098      0x859 UART.o
 .debug_loc     0x000018f1      0x112 UI.o

.debug_macinfo
 *(.debug_macinfo)

.debug_weaknames
 *(.debug_weaknames)

.debug_funcnames
 *(.debug_funcnames)

.debug_typenames
 *(.debug_typenames)

.debug_varnames
 *(.debug_varnames)

.debug_pubtypes
 *(.debug_pubtypes)

.debug_ranges   0x00000000      0x300
 *(.debug_ranges)
 .debug_ranges  0x00000000       0x20 ActionHandler.o
 .debug_ranges  0x00000020       0x48 i2cmaster.o
 .debug_ranges  0x00000068       0x10 main.o
 .debug_ranges  0x00000078       0x78 MCP23017.o
 .debug_ranges  0x000000f0       0x20 MIDI.o
 .debug_ranges  0x00000110       0x60 PedalComm.o
 .debug_ranges  0x00000170       0x30 RotaryEncoder.o
 .debug_ranges  0x000001a0       0x30 SP10281_3x7segment.o
 .debug_ranges  0x000001d0       0x18 System.o
 .debug_ranges  0x000001e8       0x20 Timer.o
 .debug_ranges  0x00000208       0xe0 UART.o
 .debug_ranges  0x000002e8       0x18 UI.o

.debug_macro
 *(.debug_macro)
OUTPUT(Rack_LoopController_MASTER.elf elf32-avr)
LOAD linker stubs
