Archive member included to satisfy reference by file (symbol)

c:/program files (x86)/atmel/studio/7.0/toolchain/avr8/avr8-gnu-toolchain/bin/../lib/gcc/avr/5.4.0/avr5\libgcc.a(_divmodhi4.o)
                              SP10281_3x7segment.o (__divmodhi4)
c:/program files (x86)/atmel/studio/7.0/toolchain/avr8/avr8-gnu-toolchain/bin/../lib/gcc/avr/5.4.0/avr5\libgcc.a(_udivmodsi4.o)
                              Timer.o (__udivmodsi4)
c:/program files (x86)/atmel/studio/7.0/toolchain/avr8/avr8-gnu-toolchain/bin/../lib/gcc/avr/5.4.0/avr5\libgcc.a(_exit.o)
                              C:/Program Files (x86)/Atmel/Studio/7.0/Packs/Atmel/ATmega_DFP/1.3.300/gcc/dev/atmega324pa/avr5/crtatmega324pa.o (exit)
c:/program files (x86)/atmel/studio/7.0/toolchain/avr8/avr8-gnu-toolchain/bin/../lib/gcc/avr/5.4.0/avr5\libgcc.a(_tablejump2.o)
                              System.o (__tablejump2__)
c:/program files (x86)/atmel/studio/7.0/toolchain/avr8/avr8-gnu-toolchain/bin/../lib/gcc/avr/5.4.0/avr5\libgcc.a(_copy_data.o)
                              MCP23017.o (__do_copy_data)
c:/program files (x86)/atmel/studio/7.0/toolchain/avr8/avr8-gnu-toolchain/bin/../lib/gcc/avr/5.4.0/avr5\libgcc.a(_clear_bss.o)
                              MCP23017.o (__do_clear_bss)
c:/program files (x86)/atmel/studio/7.0/toolchain/avr8/avr8-gnu-toolchain/bin/../lib/gcc/avr/5.4.0/avr5\libgcc.a(_ctors.o)
                              UI.o (__do_global_ctors)
c:/program files (x86)/atmel/studio/7.0/toolchain/avr8/avr8-gnu-toolchain/bin/../lib/gcc/avr/5.4.0/avr5\libgcc.a(_muluhisi3.o)
                              Timer.o (__muluhisi3)
c:/program files (x86)/atmel/studio/7.0/toolchain/avr8/avr8-gnu-toolchain/bin/../lib/gcc/avr/5.4.0/avr5\libgcc.a(_udivmodhi4.o)
                              c:/program files (x86)/atmel/studio/7.0/toolchain/avr8/avr8-gnu-toolchain/bin/../lib/gcc/avr/5.4.0/avr5\libgcc.a(_divmodhi4.o) (__udivmodhi4)
c:/program files (x86)/atmel/studio/7.0/toolchain/avr8/avr8-gnu-toolchain/bin/../lib/gcc/avr/5.4.0/avr5\libgcc.a(_umulhisi3.o)
                              c:/program files (x86)/atmel/studio/7.0/toolchain/avr8/avr8-gnu-toolchain/bin/../lib/gcc/avr/5.4.0/avr5\libgcc.a(_muluhisi3.o) (__umulhisi3)
C:/Program Files (x86)/Atmel/Studio/7.0/Packs/Atmel/ATmega_DFP/1.3.300/gcc/dev/atmega324pa/avr5\libatmega324pa.a(eerd_block.o)
                              System.o (eeprom_read_block)
C:/Program Files (x86)/Atmel/Studio/7.0/Packs/Atmel/ATmega_DFP/1.3.300/gcc/dev/atmega324pa/avr5\libatmega324pa.a(eerd_byte.o)
                              System.o (eeprom_read_byte)
C:/Program Files (x86)/Atmel/Studio/7.0/Packs/Atmel/ATmega_DFP/1.3.300/gcc/dev/atmega324pa/avr5\libatmega324pa.a(eewr_block.o)
                              System.o (eeprom_write_block)
C:/Program Files (x86)/Atmel/Studio/7.0/Packs/Atmel/ATmega_DFP/1.3.300/gcc/dev/atmega324pa/avr5\libatmega324pa.a(eewr_byte.o)
                              System.o (eeprom_write_byte)

Discarded input sections

 .data          0x00000000        0x0 C:/Program Files (x86)/Atmel/Studio/7.0/Packs/Atmel/ATmega_DFP/1.3.300/gcc/dev/atmega324pa/avr5/crtatmega324pa.o
 .bss           0x00000000        0x0 C:/Program Files (x86)/Atmel/Studio/7.0/Packs/Atmel/ATmega_DFP/1.3.300/gcc/dev/atmega324pa/avr5/crtatmega324pa.o
 .text          0x00000000        0x0 i2cmaster.o
 .data          0x00000000        0x0 i2cmaster.o
 .bss           0x00000000        0x0 i2cmaster.o
 .text._Z14i2c_start_waith
                0x00000000       0x50 i2cmaster.o
 .text._Z13i2c_rep_starth
                0x00000000        0x6 i2cmaster.o
 .text._Z11i2c_readAckv
                0x00000000       0x16 i2cmaster.o
 .text          0x00000000        0x0 main.o
 .data          0x00000000        0x0 main.o
 .bss           0x00000000        0x0 main.o
 .text          0x00000000        0x0 MCP23017.o
 .data          0x00000000        0x0 MCP23017.o
 .bss           0x00000000        0x0 MCP23017.o
 .text._ZN10MCP_Output6ToggleEv
                0x00000000       0x1c MCP23017.o
 .text._ZN9MCP_InputC2Ev
                0x00000000        0x2 MCP23017.o
 .text._ZN9MCP_InputC2Eh13MCP23017_Port12MCP23017_Pin
                0x00000000       0x40 MCP23017.o
 .text._ZN9MCP_Input4ReadEv
                0x00000000       0x36 MCP23017.o
 .text          0x00000000        0x0 MIDI.o
 .data          0x00000000        0x0 MIDI.o
 .bss           0x00000000        0x0 MIDI.o
 .text          0x00000000        0x0 PedalCom.o
 .data          0x00000000        0x0 PedalCom.o
 .bss           0x00000000        0x0 PedalCom.o
 .text          0x00000000        0x0 RotaryEncoder.o
 .data          0x00000000        0x0 RotaryEncoder.o
 .bss           0x00000000        0x0 RotaryEncoder.o
 .text          0x00000000        0x0 SP10281_3x7segment.o
 .data          0x00000000        0x0 SP10281_3x7segment.o
 .bss           0x00000000        0x0 SP10281_3x7segment.o
 .text          0x00000000        0x0 System.o
 .data          0x00000000        0x0 System.o
 .bss           0x00000000        0x0 System.o
 .text._Z22System_UpdateUI_Relaysv
                0x00000000       0xca System.o
 .text          0x00000000        0x0 Timer.o
 .data          0x00000000        0x0 Timer.o
 .bss           0x00000000        0x0 Timer.o
 .text          0x00000000        0x0 UART.o
 .data          0x00000000        0x0 UART.o
 .bss           0x00000000        0x0 UART.o
 .text._Z13UART0_PutCharh
                0x00000000       0x2a UART.o
 .text._Z15UART0_PutStringPKc
                0x00000000       0x1e UART.o
 .text._Z17UART0_PutString_pPKc
                0x00000000       0x24 UART.o
 .text._Z11UART0_Flushv
                0x00000000        0xa UART.o
 .text._Z16UART0_QueueArrayPKch
                0x00000000       0x32 UART.o
 .text._Z17UART1_PutString_pPKc
                0x00000000       0x24 UART.o
 .text._Z11UART1_Flushv
                0x00000000        0xa UART.o
 .text          0x00000000        0x0 UI.o
 .data          0x00000000        0x0 UI.o
 .bss           0x00000000        0x0 UI.o
 .text          0x00000000        0x0 util.o
 .data          0x00000000        0x0 util.o
 .bss           0x00000000        0x0 util.o
 .text._Z16Util_ReverseByteh
                0x00000000       0x24 util.o
 .text          0x00000000        0x0 c:/program files (x86)/atmel/studio/7.0/toolchain/avr8/avr8-gnu-toolchain/bin/../lib/gcc/avr/5.4.0/avr5\libgcc.a(_divmodhi4.o)
 .data          0x00000000        0x0 c:/program files (x86)/atmel/studio/7.0/toolchain/avr8/avr8-gnu-toolchain/bin/../lib/gcc/avr/5.4.0/avr5\libgcc.a(_divmodhi4.o)
 .bss           0x00000000        0x0 c:/program files (x86)/atmel/studio/7.0/toolchain/avr8/avr8-gnu-toolchain/bin/../lib/gcc/avr/5.4.0/avr5\libgcc.a(_divmodhi4.o)
 .text.libgcc.mul
                0x00000000        0x0 c:/program files (x86)/atmel/studio/7.0/toolchain/avr8/avr8-gnu-toolchain/bin/../lib/gcc/avr/5.4.0/avr5\libgcc.a(_divmodhi4.o)
 .text.libgcc   0x00000000        0x0 c:/program files (x86)/atmel/studio/7.0/toolchain/avr8/avr8-gnu-toolchain/bin/../lib/gcc/avr/5.4.0/avr5\libgcc.a(_divmodhi4.o)
 .text.libgcc.prologue
                0x00000000        0x0 c:/program files (x86)/atmel/studio/7.0/toolchain/avr8/avr8-gnu-toolchain/bin/../lib/gcc/avr/5.4.0/avr5\libgcc.a(_divmodhi4.o)
 .text.libgcc.builtins
                0x00000000        0x0 c:/program files (x86)/atmel/studio/7.0/toolchain/avr8/avr8-gnu-toolchain/bin/../lib/gcc/avr/5.4.0/avr5\libgcc.a(_divmodhi4.o)
 .text.libgcc.fmul
                0x00000000        0x0 c:/program files (x86)/atmel/studio/7.0/toolchain/avr8/avr8-gnu-toolchain/bin/../lib/gcc/avr/5.4.0/avr5\libgcc.a(_divmodhi4.o)
 .text.libgcc.fixed
                0x00000000        0x0 c:/program files (x86)/atmel/studio/7.0/toolchain/avr8/avr8-gnu-toolchain/bin/../lib/gcc/avr/5.4.0/avr5\libgcc.a(_divmodhi4.o)
 .text          0x00000000        0x0 c:/program files (x86)/atmel/studio/7.0/toolchain/avr8/avr8-gnu-toolchain/bin/../lib/gcc/avr/5.4.0/avr5\libgcc.a(_udivmodsi4.o)
 .data          0x00000000        0x0 c:/program files (x86)/atmel/studio/7.0/toolchain/avr8/avr8-gnu-toolchain/bin/../lib/gcc/avr/5.4.0/avr5\libgcc.a(_udivmodsi4.o)
 .bss           0x00000000        0x0 c:/program files (x86)/atmel/studio/7.0/toolchain/avr8/avr8-gnu-toolchain/bin/../lib/gcc/avr/5.4.0/avr5\libgcc.a(_udivmodsi4.o)
 .text.libgcc.mul
                0x00000000        0x0 c:/program files (x86)/atmel/studio/7.0/toolchain/avr8/avr8-gnu-toolchain/bin/../lib/gcc/avr/5.4.0/avr5\libgcc.a(_udivmodsi4.o)
 .text.libgcc   0x00000000        0x0 c:/program files (x86)/atmel/studio/7.0/toolchain/avr8/avr8-gnu-toolchain/bin/../lib/gcc/avr/5.4.0/avr5\libgcc.a(_udivmodsi4.o)
 .text.libgcc.prologue
                0x00000000        0x0 c:/program files (x86)/atmel/studio/7.0/toolchain/avr8/avr8-gnu-toolchain/bin/../lib/gcc/avr/5.4.0/avr5\libgcc.a(_udivmodsi4.o)
 .text.libgcc.builtins
                0x00000000        0x0 c:/program files (x86)/atmel/studio/7.0/toolchain/avr8/avr8-gnu-toolchain/bin/../lib/gcc/avr/5.4.0/avr5\libgcc.a(_udivmodsi4.o)
 .text.libgcc.fmul
                0x00000000        0x0 c:/program files (x86)/atmel/studio/7.0/toolchain/avr8/avr8-gnu-toolchain/bin/../lib/gcc/avr/5.4.0/avr5\libgcc.a(_udivmodsi4.o)
 .text.libgcc.fixed
                0x00000000        0x0 c:/program files (x86)/atmel/studio/7.0/toolchain/avr8/avr8-gnu-toolchain/bin/../lib/gcc/avr/5.4.0/avr5\libgcc.a(_udivmodsi4.o)
 .text          0x00000000        0x0 c:/program files (x86)/atmel/studio/7.0/toolchain/avr8/avr8-gnu-toolchain/bin/../lib/gcc/avr/5.4.0/avr5\libgcc.a(_exit.o)
 .data          0x00000000        0x0 c:/program files (x86)/atmel/studio/7.0/toolchain/avr8/avr8-gnu-toolchain/bin/../lib/gcc/avr/5.4.0/avr5\libgcc.a(_exit.o)
 .bss           0x00000000        0x0 c:/program files (x86)/atmel/studio/7.0/toolchain/avr8/avr8-gnu-toolchain/bin/../lib/gcc/avr/5.4.0/avr5\libgcc.a(_exit.o)
 .text.libgcc.mul
                0x00000000        0x0 c:/program files (x86)/atmel/studio/7.0/toolchain/avr8/avr8-gnu-toolchain/bin/../lib/gcc/avr/5.4.0/avr5\libgcc.a(_exit.o)
 .text.libgcc.div
                0x00000000        0x0 c:/program files (x86)/atmel/studio/7.0/toolchain/avr8/avr8-gnu-toolchain/bin/../lib/gcc/avr/5.4.0/avr5\libgcc.a(_exit.o)
 .text.libgcc   0x00000000        0x0 c:/program files (x86)/atmel/studio/7.0/toolchain/avr8/avr8-gnu-toolchain/bin/../lib/gcc/avr/5.4.0/avr5\libgcc.a(_exit.o)
 .text.libgcc.prologue
                0x00000000        0x0 c:/program files (x86)/atmel/studio/7.0/toolchain/avr8/avr8-gnu-toolchain/bin/../lib/gcc/avr/5.4.0/avr5\libgcc.a(_exit.o)
 .text.libgcc.builtins
                0x00000000        0x0 c:/program files (x86)/atmel/studio/7.0/toolchain/avr8/avr8-gnu-toolchain/bin/../lib/gcc/avr/5.4.0/avr5\libgcc.a(_exit.o)
 .text.libgcc.fmul
                0x00000000        0x0 c:/program files (x86)/atmel/studio/7.0/toolchain/avr8/avr8-gnu-toolchain/bin/../lib/gcc/avr/5.4.0/avr5\libgcc.a(_exit.o)
 .text.libgcc.fixed
                0x00000000        0x0 c:/program files (x86)/atmel/studio/7.0/toolchain/avr8/avr8-gnu-toolchain/bin/../lib/gcc/avr/5.4.0/avr5\libgcc.a(_exit.o)
 .text          0x00000000        0x0 c:/program files (x86)/atmel/studio/7.0/toolchain/avr8/avr8-gnu-toolchain/bin/../lib/gcc/avr/5.4.0/avr5\libgcc.a(_tablejump2.o)
 .data          0x00000000        0x0 c:/program files (x86)/atmel/studio/7.0/toolchain/avr8/avr8-gnu-toolchain/bin/../lib/gcc/avr/5.4.0/avr5\libgcc.a(_tablejump2.o)
 .bss           0x00000000        0x0 c:/program files (x86)/atmel/studio/7.0/toolchain/avr8/avr8-gnu-toolchain/bin/../lib/gcc/avr/5.4.0/avr5\libgcc.a(_tablejump2.o)
 .text.libgcc.mul
                0x00000000        0x0 c:/program files (x86)/atmel/studio/7.0/toolchain/avr8/avr8-gnu-toolchain/bin/../lib/gcc/avr/5.4.0/avr5\libgcc.a(_tablejump2.o)
 .text.libgcc.div
                0x00000000        0x0 c:/program files (x86)/atmel/studio/7.0/toolchain/avr8/avr8-gnu-toolchain/bin/../lib/gcc/avr/5.4.0/avr5\libgcc.a(_tablejump2.o)
 .text.libgcc.prologue
                0x00000000        0x0 c:/program files (x86)/atmel/studio/7.0/toolchain/avr8/avr8-gnu-toolchain/bin/../lib/gcc/avr/5.4.0/avr5\libgcc.a(_tablejump2.o)
 .text.libgcc.builtins
                0x00000000        0x0 c:/program files (x86)/atmel/studio/7.0/toolchain/avr8/avr8-gnu-toolchain/bin/../lib/gcc/avr/5.4.0/avr5\libgcc.a(_tablejump2.o)
 .text.libgcc.fmul
                0x00000000        0x0 c:/program files (x86)/atmel/studio/7.0/toolchain/avr8/avr8-gnu-toolchain/bin/../lib/gcc/avr/5.4.0/avr5\libgcc.a(_tablejump2.o)
 .text.libgcc.fixed
                0x00000000        0x0 c:/program files (x86)/atmel/studio/7.0/toolchain/avr8/avr8-gnu-toolchain/bin/../lib/gcc/avr/5.4.0/avr5\libgcc.a(_tablejump2.o)
 .text          0x00000000        0x0 c:/program files (x86)/atmel/studio/7.0/toolchain/avr8/avr8-gnu-toolchain/bin/../lib/gcc/avr/5.4.0/avr5\libgcc.a(_copy_data.o)
 .data          0x00000000        0x0 c:/program files (x86)/atmel/studio/7.0/toolchain/avr8/avr8-gnu-toolchain/bin/../lib/gcc/avr/5.4.0/avr5\libgcc.a(_copy_data.o)
 .bss           0x00000000        0x0 c:/program files (x86)/atmel/studio/7.0/toolchain/avr8/avr8-gnu-toolchain/bin/../lib/gcc/avr/5.4.0/avr5\libgcc.a(_copy_data.o)
 .text.libgcc.mul
                0x00000000        0x0 c:/program files (x86)/atmel/studio/7.0/toolchain/avr8/avr8-gnu-toolchain/bin/../lib/gcc/avr/5.4.0/avr5\libgcc.a(_copy_data.o)
 .text.libgcc.div
                0x00000000        0x0 c:/program files (x86)/atmel/studio/7.0/toolchain/avr8/avr8-gnu-toolchain/bin/../lib/gcc/avr/5.4.0/avr5\libgcc.a(_copy_data.o)
 .text.libgcc   0x00000000        0x0 c:/program files (x86)/atmel/studio/7.0/toolchain/avr8/avr8-gnu-toolchain/bin/../lib/gcc/avr/5.4.0/avr5\libgcc.a(_copy_data.o)
 .text.libgcc.prologue
                0x00000000        0x0 c:/program files (x86)/atmel/studio/7.0/toolchain/avr8/avr8-gnu-toolchain/bin/../lib/gcc/avr/5.4.0/avr5\libgcc.a(_copy_data.o)
 .text.libgcc.builtins
                0x00000000        0x0 c:/program files (x86)/atmel/studio/7.0/toolchain/avr8/avr8-gnu-toolchain/bin/../lib/gcc/avr/5.4.0/avr5\libgcc.a(_copy_data.o)
 .text.libgcc.fmul
                0x00000000        0x0 c:/program files (x86)/atmel/studio/7.0/toolchain/avr8/avr8-gnu-toolchain/bin/../lib/gcc/avr/5.4.0/avr5\libgcc.a(_copy_data.o)
 .text.libgcc.fixed
                0x00000000        0x0 c:/program files (x86)/atmel/studio/7.0/toolchain/avr8/avr8-gnu-toolchain/bin/../lib/gcc/avr/5.4.0/avr5\libgcc.a(_copy_data.o)
 .text          0x00000000        0x0 c:/program files (x86)/atmel/studio/7.0/toolchain/avr8/avr8-gnu-toolchain/bin/../lib/gcc/avr/5.4.0/avr5\libgcc.a(_clear_bss.o)
 .data          0x00000000        0x0 c:/program files (x86)/atmel/studio/7.0/toolchain/avr8/avr8-gnu-toolchain/bin/../lib/gcc/avr/5.4.0/avr5\libgcc.a(_clear_bss.o)
 .bss           0x00000000        0x0 c:/program files (x86)/atmel/studio/7.0/toolchain/avr8/avr8-gnu-toolchain/bin/../lib/gcc/avr/5.4.0/avr5\libgcc.a(_clear_bss.o)
 .text.libgcc.mul
                0x00000000        0x0 c:/program files (x86)/atmel/studio/7.0/toolchain/avr8/avr8-gnu-toolchain/bin/../lib/gcc/avr/5.4.0/avr5\libgcc.a(_clear_bss.o)
 .text.libgcc.div
                0x00000000        0x0 c:/program files (x86)/atmel/studio/7.0/toolchain/avr8/avr8-gnu-toolchain/bin/../lib/gcc/avr/5.4.0/avr5\libgcc.a(_clear_bss.o)
 .text.libgcc   0x00000000        0x0 c:/program files (x86)/atmel/studio/7.0/toolchain/avr8/avr8-gnu-toolchain/bin/../lib/gcc/avr/5.4.0/avr5\libgcc.a(_clear_bss.o)
 .text.libgcc.prologue
                0x00000000        0x0 c:/program files (x86)/atmel/studio/7.0/toolchain/avr8/avr8-gnu-toolchain/bin/../lib/gcc/avr/5.4.0/avr5\libgcc.a(_clear_bss.o)
 .text.libgcc.builtins
                0x00000000        0x0 c:/program files (x86)/atmel/studio/7.0/toolchain/avr8/avr8-gnu-toolchain/bin/../lib/gcc/avr/5.4.0/avr5\libgcc.a(_clear_bss.o)
 .text.libgcc.fmul
                0x00000000        0x0 c:/program files (x86)/atmel/studio/7.0/toolchain/avr8/avr8-gnu-toolchain/bin/../lib/gcc/avr/5.4.0/avr5\libgcc.a(_clear_bss.o)
 .text.libgcc.fixed
                0x00000000        0x0 c:/program files (x86)/atmel/studio/7.0/toolchain/avr8/avr8-gnu-toolchain/bin/../lib/gcc/avr/5.4.0/avr5\libgcc.a(_clear_bss.o)
 .text          0x00000000        0x0 c:/program files (x86)/atmel/studio/7.0/toolchain/avr8/avr8-gnu-toolchain/bin/../lib/gcc/avr/5.4.0/avr5\libgcc.a(_ctors.o)
 .data          0x00000000        0x0 c:/program files (x86)/atmel/studio/7.0/toolchain/avr8/avr8-gnu-toolchain/bin/../lib/gcc/avr/5.4.0/avr5\libgcc.a(_ctors.o)
 .bss           0x00000000        0x0 c:/program files (x86)/atmel/studio/7.0/toolchain/avr8/avr8-gnu-toolchain/bin/../lib/gcc/avr/5.4.0/avr5\libgcc.a(_ctors.o)
 .text.libgcc.mul
                0x00000000        0x0 c:/program files (x86)/atmel/studio/7.0/toolchain/avr8/avr8-gnu-toolchain/bin/../lib/gcc/avr/5.4.0/avr5\libgcc.a(_ctors.o)
 .text.libgcc.div
                0x00000000        0x0 c:/program files (x86)/atmel/studio/7.0/toolchain/avr8/avr8-gnu-toolchain/bin/../lib/gcc/avr/5.4.0/avr5\libgcc.a(_ctors.o)
 .text.libgcc   0x00000000        0x0 c:/program files (x86)/atmel/studio/7.0/toolchain/avr8/avr8-gnu-toolchain/bin/../lib/gcc/avr/5.4.0/avr5\libgcc.a(_ctors.o)
 .text.libgcc.prologue
                0x00000000        0x0 c:/program files (x86)/atmel/studio/7.0/toolchain/avr8/avr8-gnu-toolchain/bin/../lib/gcc/avr/5.4.0/avr5\libgcc.a(_ctors.o)
 .text.libgcc.builtins
                0x00000000        0x0 c:/program files (x86)/atmel/studio/7.0/toolchain/avr8/avr8-gnu-toolchain/bin/../lib/gcc/avr/5.4.0/avr5\libgcc.a(_ctors.o)
 .text.libgcc.fmul
                0x00000000        0x0 c:/program files (x86)/atmel/studio/7.0/toolchain/avr8/avr8-gnu-toolchain/bin/../lib/gcc/avr/5.4.0/avr5\libgcc.a(_ctors.o)
 .text.libgcc.fixed
                0x00000000        0x0 c:/program files (x86)/atmel/studio/7.0/toolchain/avr8/avr8-gnu-toolchain/bin/../lib/gcc/avr/5.4.0/avr5\libgcc.a(_ctors.o)
 .text          0x00000000        0x0 c:/program files (x86)/atmel/studio/7.0/toolchain/avr8/avr8-gnu-toolchain/bin/../lib/gcc/avr/5.4.0/avr5\libgcc.a(_muluhisi3.o)
 .data          0x00000000        0x0 c:/program files (x86)/atmel/studio/7.0/toolchain/avr8/avr8-gnu-toolchain/bin/../lib/gcc/avr/5.4.0/avr5\libgcc.a(_muluhisi3.o)
 .bss           0x00000000        0x0 c:/program files (x86)/atmel/studio/7.0/toolchain/avr8/avr8-gnu-toolchain/bin/../lib/gcc/avr/5.4.0/avr5\libgcc.a(_muluhisi3.o)
 .text.libgcc.div
                0x00000000        0x0 c:/program files (x86)/atmel/studio/7.0/toolchain/avr8/avr8-gnu-toolchain/bin/../lib/gcc/avr/5.4.0/avr5\libgcc.a(_muluhisi3.o)
 .text.libgcc   0x00000000        0x0 c:/program files (x86)/atmel/studio/7.0/toolchain/avr8/avr8-gnu-toolchain/bin/../lib/gcc/avr/5.4.0/avr5\libgcc.a(_muluhisi3.o)
 .text.libgcc.prologue
                0x00000000        0x0 c:/program files (x86)/atmel/studio/7.0/toolchain/avr8/avr8-gnu-toolchain/bin/../lib/gcc/avr/5.4.0/avr5\libgcc.a(_muluhisi3.o)
 .text.libgcc.builtins
                0x00000000        0x0 c:/program files (x86)/atmel/studio/7.0/toolchain/avr8/avr8-gnu-toolchain/bin/../lib/gcc/avr/5.4.0/avr5\libgcc.a(_muluhisi3.o)
 .text.libgcc.fmul
                0x00000000        0x0 c:/program files (x86)/atmel/studio/7.0/toolchain/avr8/avr8-gnu-toolchain/bin/../lib/gcc/avr/5.4.0/avr5\libgcc.a(_muluhisi3.o)
 .text.libgcc.fixed
                0x00000000        0x0 c:/program files (x86)/atmel/studio/7.0/toolchain/avr8/avr8-gnu-toolchain/bin/../lib/gcc/avr/5.4.0/avr5\libgcc.a(_muluhisi3.o)
 .text          0x00000000        0x0 c:/program files (x86)/atmel/studio/7.0/toolchain/avr8/avr8-gnu-toolchain/bin/../lib/gcc/avr/5.4.0/avr5\libgcc.a(_udivmodhi4.o)
 .data          0x00000000        0x0 c:/program files (x86)/atmel/studio/7.0/toolchain/avr8/avr8-gnu-toolchain/bin/../lib/gcc/avr/5.4.0/avr5\libgcc.a(_udivmodhi4.o)
 .bss           0x00000000        0x0 c:/program files (x86)/atmel/studio/7.0/toolchain/avr8/avr8-gnu-toolchain/bin/../lib/gcc/avr/5.4.0/avr5\libgcc.a(_udivmodhi4.o)
 .text.libgcc.mul
                0x00000000        0x0 c:/program files (x86)/atmel/studio/7.0/toolchain/avr8/avr8-gnu-toolchain/bin/../lib/gcc/avr/5.4.0/avr5\libgcc.a(_udivmodhi4.o)
 .text.libgcc   0x00000000        0x0 c:/program files (x86)/atmel/studio/7.0/toolchain/avr8/avr8-gnu-toolchain/bin/../lib/gcc/avr/5.4.0/avr5\libgcc.a(_udivmodhi4.o)
 .text.libgcc.prologue
                0x00000000        0x0 c:/program files (x86)/atmel/studio/7.0/toolchain/avr8/avr8-gnu-toolchain/bin/../lib/gcc/avr/5.4.0/avr5\libgcc.a(_udivmodhi4.o)
 .text.libgcc.builtins
                0x00000000        0x0 c:/program files (x86)/atmel/studio/7.0/toolchain/avr8/avr8-gnu-toolchain/bin/../lib/gcc/avr/5.4.0/avr5\libgcc.a(_udivmodhi4.o)
 .text.libgcc.fmul
                0x00000000        0x0 c:/program files (x86)/atmel/studio/7.0/toolchain/avr8/avr8-gnu-toolchain/bin/../lib/gcc/avr/5.4.0/avr5\libgcc.a(_udivmodhi4.o)
 .text.libgcc.fixed
                0x00000000        0x0 c:/program files (x86)/atmel/studio/7.0/toolchain/avr8/avr8-gnu-toolchain/bin/../lib/gcc/avr/5.4.0/avr5\libgcc.a(_udivmodhi4.o)
 .text          0x00000000        0x0 c:/program files (x86)/atmel/studio/7.0/toolchain/avr8/avr8-gnu-toolchain/bin/../lib/gcc/avr/5.4.0/avr5\libgcc.a(_umulhisi3.o)
 .data          0x00000000        0x0 c:/program files (x86)/atmel/studio/7.0/toolchain/avr8/avr8-gnu-toolchain/bin/../lib/gcc/avr/5.4.0/avr5\libgcc.a(_umulhisi3.o)
 .bss           0x00000000        0x0 c:/program files (x86)/atmel/studio/7.0/toolchain/avr8/avr8-gnu-toolchain/bin/../lib/gcc/avr/5.4.0/avr5\libgcc.a(_umulhisi3.o)
 .text.libgcc.div
                0x00000000        0x0 c:/program files (x86)/atmel/studio/7.0/toolchain/avr8/avr8-gnu-toolchain/bin/../lib/gcc/avr/5.4.0/avr5\libgcc.a(_umulhisi3.o)
 .text.libgcc   0x00000000        0x0 c:/program files (x86)/atmel/studio/7.0/toolchain/avr8/avr8-gnu-toolchain/bin/../lib/gcc/avr/5.4.0/avr5\libgcc.a(_umulhisi3.o)
 .text.libgcc.prologue
                0x00000000        0x0 c:/program files (x86)/atmel/studio/7.0/toolchain/avr8/avr8-gnu-toolchain/bin/../lib/gcc/avr/5.4.0/avr5\libgcc.a(_umulhisi3.o)
 .text.libgcc.builtins
                0x00000000        0x0 c:/program files (x86)/atmel/studio/7.0/toolchain/avr8/avr8-gnu-toolchain/bin/../lib/gcc/avr/5.4.0/avr5\libgcc.a(_umulhisi3.o)
 .text.libgcc.fmul
                0x00000000        0x0 c:/program files (x86)/atmel/studio/7.0/toolchain/avr8/avr8-gnu-toolchain/bin/../lib/gcc/avr/5.4.0/avr5\libgcc.a(_umulhisi3.o)
 .text.libgcc.fixed
                0x00000000        0x0 c:/program files (x86)/atmel/studio/7.0/toolchain/avr8/avr8-gnu-toolchain/bin/../lib/gcc/avr/5.4.0/avr5\libgcc.a(_umulhisi3.o)
 .text          0x00000000        0x0 C:/Program Files (x86)/Atmel/Studio/7.0/Packs/Atmel/ATmega_DFP/1.3.300/gcc/dev/atmega324pa/avr5\libatmega324pa.a(eerd_block.o)
 .data          0x00000000        0x0 C:/Program Files (x86)/Atmel/Studio/7.0/Packs/Atmel/ATmega_DFP/1.3.300/gcc/dev/atmega324pa/avr5\libatmega324pa.a(eerd_block.o)
 .bss           0x00000000        0x0 C:/Program Files (x86)/Atmel/Studio/7.0/Packs/Atmel/ATmega_DFP/1.3.300/gcc/dev/atmega324pa/avr5\libatmega324pa.a(eerd_block.o)
 .text          0x00000000        0x0 C:/Program Files (x86)/Atmel/Studio/7.0/Packs/Atmel/ATmega_DFP/1.3.300/gcc/dev/atmega324pa/avr5\libatmega324pa.a(eerd_byte.o)
 .data          0x00000000        0x0 C:/Program Files (x86)/Atmel/Studio/7.0/Packs/Atmel/ATmega_DFP/1.3.300/gcc/dev/atmega324pa/avr5\libatmega324pa.a(eerd_byte.o)
 .bss           0x00000000        0x0 C:/Program Files (x86)/Atmel/Studio/7.0/Packs/Atmel/ATmega_DFP/1.3.300/gcc/dev/atmega324pa/avr5\libatmega324pa.a(eerd_byte.o)
 .text          0x00000000        0x0 C:/Program Files (x86)/Atmel/Studio/7.0/Packs/Atmel/ATmega_DFP/1.3.300/gcc/dev/atmega324pa/avr5\libatmega324pa.a(eewr_block.o)
 .data          0x00000000        0x0 C:/Program Files (x86)/Atmel/Studio/7.0/Packs/Atmel/ATmega_DFP/1.3.300/gcc/dev/atmega324pa/avr5\libatmega324pa.a(eewr_block.o)
 .bss           0x00000000        0x0 C:/Program Files (x86)/Atmel/Studio/7.0/Packs/Atmel/ATmega_DFP/1.3.300/gcc/dev/atmega324pa/avr5\libatmega324pa.a(eewr_block.o)
 .text          0x00000000        0x0 C:/Program Files (x86)/Atmel/Studio/7.0/Packs/Atmel/ATmega_DFP/1.3.300/gcc/dev/atmega324pa/avr5\libatmega324pa.a(eewr_byte.o)
 .data          0x00000000        0x0 C:/Program Files (x86)/Atmel/Studio/7.0/Packs/Atmel/ATmega_DFP/1.3.300/gcc/dev/atmega324pa/avr5\libatmega324pa.a(eewr_byte.o)
 .bss           0x00000000        0x0 C:/Program Files (x86)/Atmel/Studio/7.0/Packs/Atmel/ATmega_DFP/1.3.300/gcc/dev/atmega324pa/avr5\libatmega324pa.a(eewr_byte.o)

Memory Configuration

Name             Origin             Length             Attributes
text             0x00000000         0x00020000         xr
data             0x00800060         0x0000ffa0         rw !x
eeprom           0x00810000         0x00010000         rw !x
fuse             0x00820000         0x00000003         rw !x
lock             0x00830000         0x00000400         rw !x
signature        0x00840000         0x00000400         rw !x
user_signatures  0x00850000         0x00000400         rw !x
*default*        0x00000000         0xffffffff

Linker script and memory map

Address of section .data set to 0x800100
LOAD C:/Program Files (x86)/Atmel/Studio/7.0/Packs/Atmel/ATmega_DFP/1.3.300/gcc/dev/atmega324pa/avr5/crtatmega324pa.o
LOAD i2cmaster.o
LOAD main.o
LOAD MCP23017.o
LOAD MIDI.o
LOAD PedalCom.o
LOAD RotaryEncoder.o
LOAD SP10281_3x7segment.o
LOAD System.o
LOAD Timer.o
LOAD UART.o
LOAD UI.o
LOAD util.o
START GROUP
LOAD c:/program files (x86)/atmel/studio/7.0/toolchain/avr8/avr8-gnu-toolchain/bin/../lib/gcc/avr/5.4.0/../../../../avr/lib/avr5\libm.a
END GROUP
LOAD c:/program files (x86)/atmel/studio/7.0/toolchain/avr8/avr8-gnu-toolchain/bin/../lib/gcc/avr/5.4.0/avr5\libgcc.a
LOAD c:/program files (x86)/atmel/studio/7.0/toolchain/avr8/avr8-gnu-toolchain/bin/../lib/gcc/avr/5.4.0/../../../../avr/lib/avr5\libm.a
START GROUP
LOAD c:/program files (x86)/atmel/studio/7.0/toolchain/avr8/avr8-gnu-toolchain/bin/../lib/gcc/avr/5.4.0/avr5\libgcc.a
LOAD c:/program files (x86)/atmel/studio/7.0/toolchain/avr8/avr8-gnu-toolchain/bin/../lib/gcc/avr/5.4.0/../../../../avr/lib/avr5\libm.a
LOAD c:/program files (x86)/atmel/studio/7.0/toolchain/avr8/avr8-gnu-toolchain/bin/../lib/gcc/avr/5.4.0/../../../../avr/lib/avr5\libc.a
LOAD C:/Program Files (x86)/Atmel/Studio/7.0/Packs/Atmel/ATmega_DFP/1.3.300/gcc/dev/atmega324pa/avr5\libatmega324pa.a
END GROUP
                0x00020000                __TEXT_REGION_LENGTH__ = DEFINED (__TEXT_REGION_LENGTH__)?__TEXT_REGION_LENGTH__:0x20000
                0x0000ffa0                __DATA_REGION_LENGTH__ = DEFINED (__DATA_REGION_LENGTH__)?__DATA_REGION_LENGTH__:0xffa0
                0x00010000                __EEPROM_REGION_LENGTH__ = DEFINED (__EEPROM_REGION_LENGTH__)?__EEPROM_REGION_LENGTH__:0x10000
                [0x00000003]                __FUSE_REGION_LENGTH__ = DEFINED (__FUSE_REGION_LENGTH__)?__FUSE_REGION_LENGTH__:0x400
                0x00000400                __LOCK_REGION_LENGTH__ = DEFINED (__LOCK_REGION_LENGTH__)?__LOCK_REGION_LENGTH__:0x400
                0x00000400                __SIGNATURE_REGION_LENGTH__ = DEFINED (__SIGNATURE_REGION_LENGTH__)?__SIGNATURE_REGION_LENGTH__:0x400
                0x00000400                __USER_SIGNATURE_REGION_LENGTH__ = DEFINED (__USER_SIGNATURE_REGION_LENGTH__)?__USER_SIGNATURE_REGION_LENGTH__:0x400

.hash
 *(.hash)

.dynsym
 *(.dynsym)

.dynstr
 *(.dynstr)

.gnu.version
 *(.gnu.version)

.gnu.version_d
 *(.gnu.version_d)

.gnu.version_r
 *(.gnu.version_r)

.rel.init
 *(.rel.init)

.rela.init
 *(.rela.init)

.rel.text
 *(.rel.text)
 *(.rel.text.*)
 *(.rel.gnu.linkonce.t*)

.rela.text
 *(.rela.text)
 *(.rela.text.*)
 *(.rela.gnu.linkonce.t*)

.rel.fini
 *(.rel.fini)

.rela.fini
 *(.rela.fini)

.rel.rodata
 *(.rel.rodata)
 *(.rel.rodata.*)
 *(.rel.gnu.linkonce.r*)

.rela.rodata
 *(.rela.rodata)
 *(.rela.rodata.*)
 *(.rela.gnu.linkonce.r*)

.rel.data
 *(.rel.data)
 *(.rel.data.*)
 *(.rel.gnu.linkonce.d*)

.rela.data
 *(.rela.data)
 *(.rela.data.*)
 *(.rela.gnu.linkonce.d*)

.rel.ctors
 *(.rel.ctors)

.rela.ctors
 *(.rela.ctors)

.rel.dtors
 *(.rel.dtors)

.rela.dtors
 *(.rela.dtors)

.rel.got
 *(.rel.got)

.rela.got
 *(.rela.got)

.rel.bss
 *(.rel.bss)

.rela.bss
 *(.rela.bss)

.rel.plt
 *(.rel.plt)

.rela.plt
 *(.rela.plt)

.text           0x00000000     0x21c6
 *(.vectors)
 .vectors       0x00000000       0x7c C:/Program Files (x86)/Atmel/Studio/7.0/Packs/Atmel/ATmega_DFP/1.3.300/gcc/dev/atmega324pa/avr5/crtatmega324pa.o
                0x00000000                __vector_default
                0x00000000                __vectors
 *(.vectors)
 *(.progmem.gcc*)
 .progmem.gcc_sw_table._Z31System_HandleRotaryEncoderInputv
                0x0000007c       0x20 System.o
 .progmem.gcc_sw_table._Z10System_Runv
                0x0000009c       0x20 System.o
                0x000000bc                . = ALIGN (0x2)
                0x000000bc                __trampolines_start = .
 *(.trampolines)
 .trampolines   0x000000bc        0x0 linker stubs
 *(.trampolines*)
                0x000000bc                __trampolines_end = .
 *libprintf_flt.a:*(.progmem.data)
 *libc.a:*(.progmem.data)
 *(.progmem*)
                0x000000bc                . = ALIGN (0x2)
 *(.jumptables)
 *(.jumptables*)
 *(.lowtext)
 *(.lowtext*)
                0x000000bc                __ctors_start = .
 *(.ctors)
 .ctors         0x000000bc        0x2 UI.o
                0x000000be                __ctors_end = .
                0x000000be                __dtors_start = .
 *(.dtors)
                0x000000be                __dtors_end = .
 SORT(*)(.ctors)
 SORT(*)(.dtors)
 *(.init0)
 .init0         0x000000be        0x0 C:/Program Files (x86)/Atmel/Studio/7.0/Packs/Atmel/ATmega_DFP/1.3.300/gcc/dev/atmega324pa/avr5/crtatmega324pa.o
                0x000000be                __init
 *(.init0)
 *(.init1)
 *(.init1)
 *(.init2)
 .init2         0x000000be        0xc C:/Program Files (x86)/Atmel/Studio/7.0/Packs/Atmel/ATmega_DFP/1.3.300/gcc/dev/atmega324pa/avr5/crtatmega324pa.o
 *(.init2)
 *(.init3)
 *(.init3)
 *(.init4)
 .init4         0x000000ca       0x16 c:/program files (x86)/atmel/studio/7.0/toolchain/avr8/avr8-gnu-toolchain/bin/../lib/gcc/avr/5.4.0/avr5\libgcc.a(_copy_data.o)
                0x000000ca                __do_copy_data
 .init4         0x000000e0       0x10 c:/program files (x86)/atmel/studio/7.0/toolchain/avr8/avr8-gnu-toolchain/bin/../lib/gcc/avr/5.4.0/avr5\libgcc.a(_clear_bss.o)
                0x000000e0                __do_clear_bss
 *(.init4)
 *(.init5)
 *(.init5)
 *(.init6)
 .init6         0x000000f0       0x16 c:/program files (x86)/atmel/studio/7.0/toolchain/avr8/avr8-gnu-toolchain/bin/../lib/gcc/avr/5.4.0/avr5\libgcc.a(_ctors.o)
                0x000000f0                __do_global_ctors
 *(.init6)
 *(.init7)
 *(.init7)
 *(.init8)
 *(.init8)
 *(.init9)
 .init9         0x00000106        0x8 C:/Program Files (x86)/Atmel/Studio/7.0/Packs/Atmel/ATmega_DFP/1.3.300/gcc/dev/atmega324pa/avr5/crtatmega324pa.o
 *(.init9)
 *(.text)
 .text          0x0000010e        0x4 C:/Program Files (x86)/Atmel/Studio/7.0/Packs/Atmel/ATmega_DFP/1.3.300/gcc/dev/atmega324pa/avr5/crtatmega324pa.o
                0x0000010e                __vector_1
                0x0000010e                __vector_24
                0x0000010e                __vector_12
                0x0000010e                __bad_interrupt
                0x0000010e                __vector_6
                0x0000010e                __vector_23
                0x0000010e                __vector_30
                0x0000010e                __vector_25
                0x0000010e                __vector_11
                0x0000010e                __vector_13
                0x0000010e                __vector_17
                0x0000010e                __vector_19
                0x0000010e                __vector_7
                0x0000010e                __vector_27
                0x0000010e                __vector_4
                0x0000010e                __vector_9
                0x0000010e                __vector_2
                0x0000010e                __vector_15
                0x0000010e                __vector_8
                0x0000010e                __vector_26
                0x0000010e                __vector_14
                0x0000010e                __vector_10
                0x0000010e                __vector_18
                0x00000112                . = ALIGN (0x2)
 *(.text.*)
 .text._Z8i2c_initv
                0x00000112        0xc i2cmaster.o
                0x00000112                _Z8i2c_initv
 .text._Z9i2c_starth
                0x0000011e       0x4e i2cmaster.o
                0x0000011e                _Z9i2c_starth
 .text._Z8i2c_stopv
                0x0000016c       0x12 i2cmaster.o
                0x0000016c                _Z8i2c_stopv
 .text._Z9i2c_writeh
                0x0000017e       0x24 i2cmaster.o
                0x0000017e                _Z9i2c_writeh
 .text._Z11i2c_readNakv
                0x000001a2       0x16 i2cmaster.o
                0x000001a2                _Z11i2c_readNakv
 .text.main     0x000001b8      0x112 main.o
                0x000001b8                main
 .text._Z17MCP23017_WriteReghhh
                0x000002ca       0x26 MCP23017.o
                0x000002ca                _Z17MCP23017_WriteReghhh
 .text._Z16MCP23017_ReadReghh
                0x000002f0       0x2e MCP23017.o
                0x000002f0                _Z16MCP23017_ReadReghh
 .text._ZN10MCP_OutputC2Ev
                0x0000031e        0x2 MCP23017.o
                0x0000031e                _ZN10MCP_OutputC2Ev
                0x0000031e                _ZN10MCP_OutputC1Ev
 .text._ZN10MCP_Output8getStateEv
                0x00000320        0x6 MCP23017.o
                0x00000320                _ZN10MCP_Output8getStateEv
 .text._ZN10MCP_Output3SetEv
                0x00000326       0x7a MCP23017.o
                0x00000326                _ZN10MCP_Output3SetEv
 .text._ZN10MCP_Output5ClearEv
                0x000003a0       0x7a MCP23017.o
                0x000003a0                _ZN10MCP_Output5ClearEv
 .text._ZN10MCP_OutputC2Eh13MCP23017_Port12MCP23017_Pin
                0x0000041a       0x48 MCP23017.o
                0x0000041a                _ZN10MCP_OutputC2Eh13MCP23017_Port12MCP23017_Pin
                0x0000041a                _ZN10MCP_OutputC1Eh13MCP23017_Port12MCP23017_Pin
 .text._ZN10MCP_Output10AutoToggleEv
                0x00000462       0x44 MCP23017.o
                0x00000462                _ZN10MCP_Output10AutoToggleEv
 .text._ZN10MCP_Output18SetAutoToggleSpeedEj
                0x000004a6       0x14 MCP23017.o
                0x000004a6                _ZN10MCP_Output18SetAutoToggleSpeedEj
 .text._ZN10MCP_Output17PerformAutoToggleEh
                0x000004ba       0x3e MCP23017.o
                0x000004ba                _ZN10MCP_Output17PerformAutoToggleEh
 .text._Z20MIDI_ReceiveIncomingv
                0x000004f8       0x76 MIDI.o
                0x000004f8                _Z20MIDI_ReceiveIncomingv
 .text._Z26MIDI_TransmitProgramChangeh
                0x0000056e       0x2e MIDI.o
                0x0000056e                _Z26MIDI_TransmitProgramChangeh
 .text._Z20PedalCom_RxAvailablev
                0x0000059c       0x12 PedalCom.o
                0x0000059c                _Z20PedalCom_RxAvailablev
 .text._Z20PedalCom_TxAvailablev
                0x000005ae       0x12 PedalCom.o
                0x000005ae                _Z20PedalCom_TxAvailablev
 .text._Z21PedalCom_FlushTxQueuev
                0x000005c0       0x24 PedalCom.o
                0x000005c0                _Z21PedalCom_FlushTxQueuev
 .text._Z16PedalCom_Receivev
                0x000005e4      0x184 PedalCom.o
                0x000005e4                _Z16PedalCom_Receivev
 .text._Z23PedalCom_HandleReceivedv
                0x00000768       0x62 PedalCom.o
                0x00000768                _Z23PedalCom_HandleReceivedv
 .text._Z21PedalCom_QueueCommand3CMDhPh
                0x000007ca       0xb2 PedalCom.o
                0x000007ca                _Z21PedalCom_QueueCommand3CMDhPh
 .text._Z19PedalCom_PutCommandv
                0x0000087c      0x138 PedalCom.o
                0x0000087c                _Z19PedalCom_PutCommandv
 .text._Z12Select_RX_TXh
                0x000009b4       0x10 PedalCom.o
                0x000009b4                _Z12Select_RX_TXh
 .text._Z13PedalCom_Initv
                0x000009c4       0x18 PedalCom.o
                0x000009c4                _Z13PedalCom_Initv
 .text._Z17PedalCom_Transmitv
                0x000009dc        0xc PedalCom.o
                0x000009dc                _Z17PedalCom_Transmitv
 .text.__vector_22
                0x000009e8       0x4a PedalCom.o
                0x000009e8                __vector_22
 .text._Z18RotaryEncoder_Initv
                0x00000a32       0x28 RotaryEncoder.o
                0x00000a32                _Z18RotaryEncoder_Initv
 .text._Z23RotaryEncoder_IsPressedv
                0x00000a5a        0xa RotaryEncoder.o
                0x00000a5a                _Z23RotaryEncoder_IsPressedv
 .text._Z29RotaryEncoder_EnableInterruptv
                0x00000a64       0x12 RotaryEncoder.o
                0x00000a64                _Z29RotaryEncoder_EnableInterruptv
 .text.__vector_5
                0x00000a76       0x42 RotaryEncoder.o
                0x00000a76                __vector_5
 .text.__vector_3
                0x00000ab8       0x3c RotaryEncoder.o
                0x00000ab8                __vector_3
 .text._Z14SP10281_Updatev
                0x00000af4       0x48 SP10281_3x7segment.o
                0x00000af4                _Z14SP10281_Updatev
 .text._Z18SP10281_WriteDigithch
                0x00000b3c       0x64 SP10281_3x7segment.o
                0x00000b3c                _Z18SP10281_WriteDigithch
 .text._Z17SP10281_WriteCharccchhh
                0x00000ba0       0x3a SP10281_3x7segment.o
                0x00000ba0                _Z17SP10281_WriteCharccchhh
 .text._Z19SP10281_WriteNumbers
                0x00000bda       0x70 SP10281_3x7segment.o
                0x00000bda                _Z19SP10281_WriteNumbers
 .text._Z12SP10281_Initv
                0x00000c4a       0x14 SP10281_3x7segment.o
                0x00000c4a                _Z12SP10281_Initv
 .text._Z30System_HandleTempSelectTimeoutv
                0x00000c5e       0xb4 System.o
                0x00000c5e                _Z30System_HandleTempSelectTimeoutv
 .text._Z26System_HandleMarkSelectionv
                0x00000d12       0x2e System.o
                0x00000d12                _Z26System_HandleMarkSelectionv
 .text._Z25System_HandlePedalCommand3CMDhPh
                0x00000d40       0xe8 System.o
                0x00000d40                _Z25System_HandlePedalCommand3CMDhPh
 .text._Z30System_HandleMIDIProgramChangev
                0x00000e28       0x1e System.o
                0x00000e28                _Z30System_HandleMIDIProgramChangev
 .text._Z20System_UpdateUI_LEDsv
                0x00000e46       0xca System.o
                0x00000e46                _Z20System_UpdateUI_LEDsv
 .text._Z31System_HandleRotaryEncoderInputv
                0x00000f10      0x428 System.o
                0x00000f10                _Z31System_HandleRotaryEncoderInputv
 .text._Z19System_ChangePresetv
                0x00001338       0x90 System.o
                0x00001338                _Z19System_ChangePresetv
 .text._Z10System_Runv
                0x000013c8      0x522 System.o
                0x000013c8                _Z10System_Runv
 .text._Z11Timer0_Initv
                0x000018ea       0x1e Timer.o
                0x000018ea                _Z11Timer0_Initv
 .text._Z13Timer0_ms2cntm
                0x00001908       0x1e Timer.o
                0x00001908                _Z13Timer0_ms2cntm
 .text.__vector_16
                0x00001926      0x1a0 Timer.o
                0x00001926                __vector_16
 .text._Z10UART0_Initjhh
                0x00001ac6       0xcc UART.o
                0x00001ac6                _Z10UART0_Initjhh
 .text._Z13UART0_GetCharv
                0x00001b92       0x36 UART.o
                0x00001b92                _Z13UART0_GetCharv
 .text._Z15UART0_Availablev
                0x00001bc8       0x1a UART.o
                0x00001bc8                _Z15UART0_Availablev
 .text._Z15UART0_QueueCharh
                0x00001be2       0x2a UART.o
                0x00001be2                _Z15UART0_QueueCharh
 .text._Z14UART0_PutQueuev
                0x00001c0c        0xc UART.o
                0x00001c0c                _Z14UART0_PutQueuev
 .text.__vector_20
                0x00001c18       0x56 UART.o
                0x00001c18                __vector_20
 .text.__vector_21
                0x00001c6e       0x54 UART.o
                0x00001c6e                __vector_21
 .text._Z10UART1_Initjhh
                0x00001cc2       0xc6 UART.o
                0x00001cc2                _Z10UART1_Initjhh
 .text._Z13UART1_GetCharv
                0x00001d88       0x36 UART.o
                0x00001d88                _Z13UART1_GetCharv
 .text._Z13UART1_PutCharh
                0x00001dbe       0x2a UART.o
                0x00001dbe                _Z13UART1_PutCharh
 .text._Z15UART1_PutStringPKc
                0x00001de8       0x1e UART.o
                0x00001de8                _Z15UART1_PutStringPKc
 .text._Z15UART1_Availablev
                0x00001e06       0x1a UART.o
                0x00001e06                _Z15UART1_Availablev
 .text.__vector_28
                0x00001e20       0x56 UART.o
                0x00001e20                __vector_28
 .text.__vector_29
                0x00001e76       0x54 UART.o
                0x00001e76                __vector_29
 .text._Z7UI_Initv
                0x00001eca      0x118 UI.o
                0x00001eca                _Z7UI_Initv
 .text._GLOBAL__sub_I_ModeRunLED
                0x00001fe2       0x96 UI.o
 .text._Z12Util_Bit2Inth
                0x00002078       0x16 util.o
                0x00002078                _Z12Util_Bit2Inth
 .text.libgcc.div
                0x0000208e       0x28 c:/program files (x86)/atmel/studio/7.0/toolchain/avr8/avr8-gnu-toolchain/bin/../lib/gcc/avr/5.4.0/avr5\libgcc.a(_divmodhi4.o)
                0x0000208e                _div
                0x0000208e                __divmodhi4
 .text.libgcc.div
                0x000020b6       0x44 c:/program files (x86)/atmel/studio/7.0/toolchain/avr8/avr8-gnu-toolchain/bin/../lib/gcc/avr/5.4.0/avr5\libgcc.a(_udivmodsi4.o)
                0x000020b6                __udivmodsi4
 .text.libgcc   0x000020fa        0xc c:/program files (x86)/atmel/studio/7.0/toolchain/avr8/avr8-gnu-toolchain/bin/../lib/gcc/avr/5.4.0/avr5\libgcc.a(_tablejump2.o)
                0x000020fa                __tablejump2__
 .text.libgcc.mul
                0x00002106       0x16 c:/program files (x86)/atmel/studio/7.0/toolchain/avr8/avr8-gnu-toolchain/bin/../lib/gcc/avr/5.4.0/avr5\libgcc.a(_muluhisi3.o)
                0x00002106                __muluhisi3
 .text.libgcc.div
                0x0000211c       0x28 c:/program files (x86)/atmel/studio/7.0/toolchain/avr8/avr8-gnu-toolchain/bin/../lib/gcc/avr/5.4.0/avr5\libgcc.a(_udivmodhi4.o)
                0x0000211c                __udivmodhi4
 .text.libgcc.mul
                0x00002144       0x1e c:/program files (x86)/atmel/studio/7.0/toolchain/avr8/avr8-gnu-toolchain/bin/../lib/gcc/avr/5.4.0/avr5\libgcc.a(_umulhisi3.o)
                0x00002144                __umulhisi3
 .text.avr-libc
                0x00002162       0x20 C:/Program Files (x86)/Atmel/Studio/7.0/Packs/Atmel/ATmega_DFP/1.3.300/gcc/dev/atmega324pa/avr5\libatmega324pa.a(eerd_block.o)
                0x00002162                eeprom_read_block
                0x00002166                eeprom_read_blraw
 .text.avr-libc
                0x00002182       0x10 C:/Program Files (x86)/Atmel/Studio/7.0/Packs/Atmel/ATmega_DFP/1.3.300/gcc/dev/atmega324pa/avr5\libatmega324pa.a(eerd_byte.o)
                0x00002182                eeprom_read_byte
 .text.avr-libc
                0x00002192       0x14 C:/Program Files (x86)/Atmel/Studio/7.0/Packs/Atmel/ATmega_DFP/1.3.300/gcc/dev/atmega324pa/avr5\libatmega324pa.a(eewr_block.o)
                0x00002192                eeprom_write_block
 .text.avr-libc
                0x000021a6       0x1c C:/Program Files (x86)/Atmel/Studio/7.0/Packs/Atmel/ATmega_DFP/1.3.300/gcc/dev/atmega324pa/avr5\libatmega324pa.a(eewr_byte.o)
                0x000021a6                eeprom_write_byte
                0x000021a8                eeprom_write_r18
                0x000021c2                . = ALIGN (0x2)
 *(.fini9)
 .fini9         0x000021c2        0x0 c:/program files (x86)/atmel/studio/7.0/toolchain/avr8/avr8-gnu-toolchain/bin/../lib/gcc/avr/5.4.0/avr5\libgcc.a(_exit.o)
                0x000021c2                _exit
                0x000021c2                exit
 *(.fini9)
 *(.fini8)
 *(.fini8)
 *(.fini7)
 *(.fini7)
 *(.fini6)
 *(.fini6)
 *(.fini5)
 *(.fini5)
 *(.fini4)
 *(.fini4)
 *(.fini3)
 *(.fini3)
 *(.fini2)
 *(.fini2)
 *(.fini1)
 *(.fini1)
 *(.fini0)
 .fini0         0x000021c2        0x4 c:/program files (x86)/atmel/studio/7.0/toolchain/avr8/avr8-gnu-toolchain/bin/../lib/gcc/avr/5.4.0/avr5\libgcc.a(_exit.o)
 *(.fini0)
                0x000021c6                _etext = .

.data           0x00800100       0x3e load address 0x000021c6
                0x00800100                PROVIDE (__data_start, .)
 *(.data)
 *(.data*)
 .data._ZN10MCP_Output18AutoToggle_TimeoutE
                0x00800100        0x2 MCP23017.o
                0x00800100                _ZN10MCP_Output18AutoToggle_TimeoutE
 .data.PedalCom_ConnectionOpen
                0x00800102        0x1 PedalCom.o
                0x00800102                PedalCom_ConnectionOpen
 .data.PedalCom_ResponseTimeoutOvfCnt
                0x00800103        0x2 PedalCom.o
                0x00800103                PedalCom_ResponseTimeoutOvfCnt
 .data._ZL18SP10281_DigitTable
                0x00800105       0x26 SP10281_3x7segment.o
 .data.LastLoopModePreset
                0x0080012b        0x4 System.o
                0x0080012b                LastLoopModePreset
 .data.LoopModePreset
                0x0080012f        0x4 System.o
                0x0080012f                LoopModePreset
 *(.gnu.linkonce.d*)
 *(.rodata)
 *(.rodata*)
 .rodata.str1.1
                0x00800133        0xa System.o
 *(.gnu.linkonce.r*)
                0x0080013e                . = ALIGN (0x2)
 *fill*         0x0080013d        0x1 
                0x0080013e                _edata = .
                0x0080013e                PROVIDE (__data_end, .)

.bss            0x0080013e      0x1be
                0x0080013e                PROVIDE (__bss_start, .)
 *(.bss)
 *(.bss*)
 .bss._ZN10MCP_Output16AutoToggle_PortBE
                0x0080013e        0x1 MCP23017.o
                0x0080013e                _ZN10MCP_Output16AutoToggle_PortBE
 .bss._ZN10MCP_Output16AutoToggle_PortAE
                0x0080013f        0x1 MCP23017.o
                0x0080013f                _ZN10MCP_Output16AutoToggle_PortAE
 .bss._ZN10MCP_Output15AutoToggle_FlagE
                0x00800140        0x1 MCP23017.o
                0x00800140                _ZN10MCP_Output15AutoToggle_FlagE
 .bss._ZN10MCP_Output17AutoToggle_OvfCntE
                0x00800141        0x2 MCP23017.o
                0x00800141                _ZN10MCP_Output17AutoToggle_OvfCntE
 .bss._ZZ20MIDI_ReceiveIncomingvE10RX_ByteCnt
                0x00800143        0x1 MIDI.o
 .bss.MIDI_ProgramChangeFlag
                0x00800144        0x1 MIDI.o
                0x00800144                MIDI_ProgramChangeFlag
 .bss.MIDI_ReceivedProgram
                0x00800145        0x1 MIDI.o
                0x00800145                MIDI_ReceivedProgram
 .bss.MIDI_TxBuffer
                0x00800146        0x3 MIDI.o
                0x00800146                MIDI_TxBuffer
 .bss.MIDI_RxBuffer
                0x00800149        0x3 MIDI.o
                0x00800149                MIDI_RxBuffer
 .bss._ZZ16PedalCom_ReceivevE10RX_ByteCnt
                0x0080014c        0x1 PedalCom.o
 .bss.NackCnt   0x0080014d        0x1 PedalCom.o
                0x0080014d                NackCnt
 .bss.TxTail    0x0080014e        0x1 PedalCom.o
                0x0080014e                TxTail
 .bss.TxHead    0x0080014f        0x1 PedalCom.o
                0x0080014f                TxHead
 .bss.RxTail    0x00800150        0x1 PedalCom.o
                0x00800150                RxTail
 .bss.RxHead    0x00800151        0x1 PedalCom.o
                0x00800151                RxHead
 .bss.TX_CommandQueue
                0x00800152       0x40 PedalCom.o
                0x00800152                TX_CommandQueue
 .bss.RX_CommandQueue
                0x00800192       0x20 PedalCom.o
                0x00800192                RX_CommandQueue
 .bss.RX_Buffer
                0x008001b2       0x10 PedalCom.o
                0x008001b2                RX_Buffer
 .bss.PedalCom_ResponseTimeoutFlag
                0x008001c2        0x1 PedalCom.o
                0x008001c2                PedalCom_ResponseTimeoutFlag
 .bss.PedalCom_DelayTXOvfCnt
                0x008001c3        0x1 PedalCom.o
                0x008001c3                PedalCom_DelayTXOvfCnt
 .bss.PedalCom_DelayTxFlag
                0x008001c4        0x1 PedalCom.o
                0x008001c4                PedalCom_DelayTxFlag
 .bss.RotEnc_State
                0x008001c5        0x1 RotaryEncoder.o
                0x008001c5                RotEnc_State
 .bss.RotaryEncoder_OvfCnt
                0x008001c6        0x2 RotaryEncoder.o
                0x008001c6                RotaryEncoder_OvfCnt
 .bss._ZZ14SP10281_UpdatevE3tmp
                0x008001c8        0x1 SP10281_3x7segment.o
 .bss.SP10281_OvfFlag
                0x008001c9        0x1 SP10281_3x7segment.o
                0x008001c9                SP10281_OvfFlag
 .bss.SP10281_OvfCnt
                0x008001ca        0x1 SP10281_3x7segment.o
                0x008001ca                SP10281_OvfCnt
 .bss.SP10281_DigitCnt
                0x008001cb        0x1 SP10281_3x7segment.o
                0x008001cb                SP10281_DigitCnt
 .bss.SP10281_DigitData
                0x008001cc        0x3 SP10281_3x7segment.o
                0x008001cc                SP10281_DigitData
 .bss.LastUserEditSelection
                0x008001cf        0x1 System.o
                0x008001cf                LastUserEditSelection
 .bss.UserEditSelection
                0x008001d0        0x1 System.o
                0x008001d0                UserEditSelection
 .bss.PresetTable
                0x008001d1       0x20 System.o
                0x008001d1                PresetTable
 .bss.LastTempSelectMidiPC
                0x008001f1        0x1 System.o
                0x008001f1                LastTempSelectMidiPC
 .bss.TempSelectMidiPC
                0x008001f2        0x1 System.o
                0x008001f2                TempSelectMidiPC
 .bss.SetMidiEdit
                0x008001f3        0x1 System.o
                0x008001f3                SetMidiEdit
 .bss.LastSystemUIMode
                0x008001f4        0x1 System.o
                0x008001f4                LastSystemUIMode
 .bss.SystemUIMode
                0x008001f5        0x1 System.o
                0x008001f5                SystemUIMode
 .bss.System_MidiChannel
                0x008001f6        0x1 System.o
                0x008001f6                System_MidiChannel
 .bss.LastTempSelectMidiChannel
                0x008001f7        0x1 System.o
                0x008001f7                LastTempSelectMidiChannel
 .bss.TempSelectMidiChannel
                0x008001f8        0x1 System.o
                0x008001f8                TempSelectMidiChannel
 .bss.SystemRunMode
                0x008001f9        0x1 System.o
                0x008001f9                SystemRunMode
 .bss.LastTempSelectPreset
                0x008001fa        0x1 System.o
                0x008001fa                LastTempSelectPreset
 .bss.TempSelectPreset
                0x008001fb        0x1 System.o
                0x008001fb                TempSelectPreset
 .bss.LastActivePreset
                0x008001fc        0x1 System.o
                0x008001fc                LastActivePreset
 .bss.ActivePreset
                0x008001fd        0x1 System.o
                0x008001fd                ActivePreset
 .bss.LastSystemState
                0x008001fe        0x1 System.o
                0x008001fe                LastSystemState
 .bss.SystemState
                0x008001ff        0x1 System.o
                0x008001ff                SystemState
 .bss.System_MarkSelectionFlag
                0x00800200        0x1 System.o
                0x00800200                System_MarkSelectionFlag
 .bss.System_MarkSelectionOvfCnt
                0x00800201        0x2 System.o
                0x00800201                System_MarkSelectionOvfCnt
 .bss.System_TempSelectFlag
                0x00800203        0x1 System.o
                0x00800203                System_TempSelectFlag
 .bss.System_TempSelectOvfCnt
                0x00800204        0x2 System.o
                0x00800204                System_TempSelectOvfCnt
 .bss._ZL17UART1_LastRxError
                0x00800206        0x1 UART.o
 .bss._ZL12UART1_RxTail
                0x00800207        0x1 UART.o
 .bss._ZL12UART1_RxHead
                0x00800208        0x1 UART.o
 .bss._ZL12UART1_TxTail
                0x00800209        0x1 UART.o
 .bss._ZL12UART1_TxHead
                0x0080020a        0x1 UART.o
 .bss._ZL11UART1_RxBuf
                0x0080020b       0x20 UART.o
 .bss._ZL11UART1_TxBuf
                0x0080022b       0x20 UART.o
 .bss._ZL17UART0_LastRxError
                0x0080024b        0x1 UART.o
 .bss._ZL12UART0_RxTail
                0x0080024c        0x1 UART.o
 .bss._ZL12UART0_RxHead
                0x0080024d        0x1 UART.o
 .bss._ZL12UART0_TxTail
                0x0080024e        0x1 UART.o
 .bss._ZL12UART0_TxHead
                0x0080024f        0x1 UART.o
 .bss._ZL11UART0_RxBuf
                0x00800250       0x20 UART.o
 .bss._ZL11UART0_TxBuf
                0x00800270       0x20 UART.o
 .bss.CtrlSwitchRelays
                0x00800290       0x10 UI.o
                0x00800290                CtrlSwitchRelays
 .bss.LoopRelays
                0x008002a0       0x20 UI.o
                0x008002a0                LoopRelays
 .bss.CtrlSwitchLEDs
                0x008002c0       0x10 UI.o
                0x008002c0                CtrlSwitchLEDs
 .bss.LoopLEDs  0x008002d0       0x20 UI.o
                0x008002d0                LoopLEDs
 .bss.ModeEditMidiLED
                0x008002f0        0x4 UI.o
                0x008002f0                ModeEditMidiLED
 .bss.ModeEditPresetLED
                0x008002f4        0x4 UI.o
                0x008002f4                ModeEditPresetLED
 .bss.ModeRunLED
                0x008002f8        0x4 UI.o
                0x008002f8                ModeRunLED
 *(COMMON)
                0x008002fc                PROVIDE (__bss_end, .)
                0x000021c6                __data_load_start = LOADADDR (.data)
                0x00002204                __data_load_end = (__data_load_start + SIZEOF (.data))

.noinit         0x008002fc        0x0
                [!provide]                PROVIDE (__noinit_start, .)
 *(.noinit*)
                [!provide]                PROVIDE (__noinit_end, .)
                0x008002fc                _end = .
                [!provide]                PROVIDE (__heap_start, .)

.eeprom         0x00810000        0x0
 *(.eeprom*)
                0x00810000                __eeprom_end = .

.fuse
 *(.fuse)
 *(.lfuse)
 *(.hfuse)
 *(.efuse)

.lock
 *(.lock*)

.signature
 *(.signature*)

.user_signatures
 *(.user_signatures*)

.stab
 *(.stab)

.stabstr
 *(.stabstr)

.stab.excl
 *(.stab.excl)

.stab.exclstr
 *(.stab.exclstr)

.stab.index
 *(.stab.index)

.stab.indexstr
 *(.stab.indexstr)

.comment        0x00000000       0x30
 *(.comment)
 .comment       0x00000000       0x30 i2cmaster.o
                                 0x31 (size before relaxing)
 .comment       0x00000030       0x31 main.o
 .comment       0x00000030       0x31 MCP23017.o
 .comment       0x00000030       0x31 MIDI.o
 .comment       0x00000030       0x31 PedalCom.o
 .comment       0x00000030       0x31 RotaryEncoder.o
 .comment       0x00000030       0x31 SP10281_3x7segment.o
 .comment       0x00000030       0x31 System.o
 .comment       0x00000030       0x31 Timer.o
 .comment       0x00000030       0x31 UART.o
 .comment       0x00000030       0x31 UI.o
 .comment       0x00000030       0x31 util.o

.note.gnu.avr.deviceinfo
                0x00000000       0x40
 .note.gnu.avr.deviceinfo
                0x00000000       0x40 C:/Program Files (x86)/Atmel/Studio/7.0/Packs/Atmel/ATmega_DFP/1.3.300/gcc/dev/atmega324pa/avr5/crtatmega324pa.o

.note.gnu.build-id
 *(.note.gnu.build-id)

.debug
 *(.debug)

.line
 *(.line)

.debug_srcinfo
 *(.debug_srcinfo)

.debug_sfnames
 *(.debug_sfnames)

.debug_aranges  0x00000000      0x438
 *(.debug_aranges)
 .debug_aranges
                0x00000000       0x58 i2cmaster.o
 .debug_aranges
                0x00000058       0x20 main.o
 .debug_aranges
                0x00000078       0x88 MCP23017.o
 .debug_aranges
                0x00000100       0x28 MIDI.o
 .debug_aranges
                0x00000128       0x70 PedalCom.o
 .debug_aranges
                0x00000198       0x40 RotaryEncoder.o
 .debug_aranges
                0x000001d8       0x40 SP10281_3x7segment.o
 .debug_aranges
                0x00000218       0x60 System.o
 .debug_aranges
                0x00000278       0x30 Timer.o
 .debug_aranges
                0x000002a8       0xc0 UART.o
 .debug_aranges
                0x00000368       0x28 UI.o
 .debug_aranges
                0x00000390       0x28 util.o
 .debug_aranges
                0x000003b8       0x20 C:/Program Files (x86)/Atmel/Studio/7.0/Packs/Atmel/ATmega_DFP/1.3.300/gcc/dev/atmega324pa/avr5\libatmega324pa.a(eerd_block.o)
 .debug_aranges
                0x000003d8       0x20 C:/Program Files (x86)/Atmel/Studio/7.0/Packs/Atmel/ATmega_DFP/1.3.300/gcc/dev/atmega324pa/avr5\libatmega324pa.a(eerd_byte.o)
 .debug_aranges
                0x000003f8       0x20 C:/Program Files (x86)/Atmel/Studio/7.0/Packs/Atmel/ATmega_DFP/1.3.300/gcc/dev/atmega324pa/avr5\libatmega324pa.a(eewr_block.o)
 .debug_aranges
                0x00000418       0x20 C:/Program Files (x86)/Atmel/Studio/7.0/Packs/Atmel/ATmega_DFP/1.3.300/gcc/dev/atmega324pa/avr5\libatmega324pa.a(eewr_byte.o)

.debug_pubnames
 *(.debug_pubnames)

.debug_info     0x00000000     0x4afd
 *(.debug_info .gnu.linkonce.wi.*)
 .debug_info    0x00000000      0x6cc C:/Program Files (x86)/Atmel/Studio/7.0/Packs/Atmel/ATmega_DFP/1.3.300/gcc/dev/atmega324pa/avr5/crtatmega324pa.o
 .debug_info    0x000006cc      0x1d5 i2cmaster.o
 .debug_info    0x000008a1      0x76a main.o
 .debug_info    0x0000100b      0xa63 MCP23017.o
 .debug_info    0x00001a6e      0x226 MIDI.o
 .debug_info    0x00001c94      0x5fd PedalCom.o
 .debug_info    0x00002291      0x14c RotaryEncoder.o
 .debug_info    0x000023dd      0x32d SP10281_3x7segment.o
 .debug_info    0x0000270a     0x122c System.o
 .debug_info    0x00003936      0x1e5 Timer.o
 .debug_info    0x00003b1b      0x69b UART.o
 .debug_info    0x000041b6      0x603 UI.o
 .debug_info    0x000047b9       0xd6 util.o
 .debug_info    0x0000488f       0x9c C:/Program Files (x86)/Atmel/Studio/7.0/Packs/Atmel/ATmega_DFP/1.3.300/gcc/dev/atmega324pa/avr5\libatmega324pa.a(eerd_block.o)
 .debug_info    0x0000492b       0x9b C:/Program Files (x86)/Atmel/Studio/7.0/Packs/Atmel/ATmega_DFP/1.3.300/gcc/dev/atmega324pa/avr5\libatmega324pa.a(eerd_byte.o)
 .debug_info    0x000049c6       0x9c C:/Program Files (x86)/Atmel/Studio/7.0/Packs/Atmel/ATmega_DFP/1.3.300/gcc/dev/atmega324pa/avr5\libatmega324pa.a(eewr_block.o)
 .debug_info    0x00004a62       0x9b C:/Program Files (x86)/Atmel/Studio/7.0/Packs/Atmel/ATmega_DFP/1.3.300/gcc/dev/atmega324pa/avr5\libatmega324pa.a(eewr_byte.o)

.debug_abbrev   0x00000000     0x1a1c
 *(.debug_abbrev)
 .debug_abbrev  0x00000000      0x66e C:/Program Files (x86)/Atmel/Studio/7.0/Packs/Atmel/ATmega_DFP/1.3.300/gcc/dev/atmega324pa/avr5/crtatmega324pa.o
 .debug_abbrev  0x0000066e       0xe9 i2cmaster.o
 .debug_abbrev  0x00000757      0x1a0 main.o
 .debug_abbrev  0x000008f7      0x310 MCP23017.o
 .debug_abbrev  0x00000c07      0x119 MIDI.o
 .debug_abbrev  0x00000d20      0x24e PedalCom.o
 .debug_abbrev  0x00000f6e       0xa8 RotaryEncoder.o
 .debug_abbrev  0x00001016      0x111 SP10281_3x7segment.o
 .debug_abbrev  0x00001127      0x2f7 System.o
 .debug_abbrev  0x0000141e       0xc6 Timer.o
 .debug_abbrev  0x000014e4      0x268 UART.o
 .debug_abbrev  0x0000174c      0x1f1 UI.o
 .debug_abbrev  0x0000193d       0x8f util.o
 .debug_abbrev  0x000019cc       0x14 C:/Program Files (x86)/Atmel/Studio/7.0/Packs/Atmel/ATmega_DFP/1.3.300/gcc/dev/atmega324pa/avr5\libatmega324pa.a(eerd_block.o)
 .debug_abbrev  0x000019e0       0x14 C:/Program Files (x86)/Atmel/Studio/7.0/Packs/Atmel/ATmega_DFP/1.3.300/gcc/dev/atmega324pa/avr5\libatmega324pa.a(eerd_byte.o)
 .debug_abbrev  0x000019f4       0x14 C:/Program Files (x86)/Atmel/Studio/7.0/Packs/Atmel/ATmega_DFP/1.3.300/gcc/dev/atmega324pa/avr5\libatmega324pa.a(eewr_block.o)
 .debug_abbrev  0x00001a08       0x14 C:/Program Files (x86)/Atmel/Studio/7.0/Packs/Atmel/ATmega_DFP/1.3.300/gcc/dev/atmega324pa/avr5\libatmega324pa.a(eewr_byte.o)

.debug_line     0x00000000     0x25e1
 *(.debug_line .debug_line.* .debug_line_end)
 .debug_line    0x00000000      0x151 C:/Program Files (x86)/Atmel/Studio/7.0/Packs/Atmel/ATmega_DFP/1.3.300/gcc/dev/atmega324pa/avr5/crtatmega324pa.o
 .debug_line    0x00000151      0x26e i2cmaster.o
 .debug_line    0x000003bf      0x254 main.o
 .debug_line    0x00000613      0x36b MCP23017.o
 .debug_line    0x0000097e      0x139 MIDI.o
 .debug_line    0x00000ab7      0x360 PedalCom.o
 .debug_line    0x00000e17      0x11c RotaryEncoder.o
 .debug_line    0x00000f33      0x16b SP10281_3x7segment.o
 .debug_line    0x0000109e      0x988 System.o
 .debug_line    0x00001a26      0x21d Timer.o
 .debug_line    0x00001c43      0x523 UART.o
 .debug_line    0x00002166      0x13d UI.o
 .debug_line    0x000022a3       0xfb util.o
 .debug_line    0x0000239e       0xab C:/Program Files (x86)/Atmel/Studio/7.0/Packs/Atmel/ATmega_DFP/1.3.300/gcc/dev/atmega324pa/avr5\libatmega324pa.a(eerd_block.o)
 .debug_line    0x00002449       0x7a C:/Program Files (x86)/Atmel/Studio/7.0/Packs/Atmel/ATmega_DFP/1.3.300/gcc/dev/atmega324pa/avr5\libatmega324pa.a(eerd_byte.o)
 .debug_line    0x000024c3       0x80 C:/Program Files (x86)/Atmel/Studio/7.0/Packs/Atmel/ATmega_DFP/1.3.300/gcc/dev/atmega324pa/avr5\libatmega324pa.a(eewr_block.o)
 .debug_line    0x00002543       0x9e C:/Program Files (x86)/Atmel/Studio/7.0/Packs/Atmel/ATmega_DFP/1.3.300/gcc/dev/atmega324pa/avr5\libatmega324pa.a(eewr_byte.o)

.debug_frame    0x00000000      0x914
 *(.debug_frame)
 .debug_frame   0x00000000       0xa0 i2cmaster.o
 .debug_frame   0x000000a0       0x24 main.o
 .debug_frame   0x000000c4      0x168 MCP23017.o
 .debug_frame   0x0000022c       0x40 MIDI.o
 .debug_frame   0x0000026c      0x120 PedalCom.o
 .debug_frame   0x0000038c       0xa0 RotaryEncoder.o
 .debug_frame   0x0000042c       0x8c SP10281_3x7segment.o
 .debug_frame   0x000004b8      0x114 System.o
 .debug_frame   0x000005cc       0x64 Timer.o
 .debug_frame   0x00000630      0x248 UART.o
 .debug_frame   0x00000878       0x68 UI.o
 .debug_frame   0x000008e0       0x34 util.o

.debug_str      0x00000000     0x1baa
 *(.debug_str)
 .debug_str     0x00000000      0x255 C:/Program Files (x86)/Atmel/Studio/7.0/Packs/Atmel/ATmega_DFP/1.3.300/gcc/dev/atmega324pa/avr5/crtatmega324pa.o
 .debug_str     0x00000255      0x286 i2cmaster.o
                                0x2ba (size before relaxing)
 .debug_str     0x000004db      0x8c8 main.o
                                0xb36 (size before relaxing)
 .debug_str     0x00000da3      0x250 MCP23017.o
                                0x6b9 (size before relaxing)
 .debug_str     0x00000ff3      0x1a1 MIDI.o
                                0x3b5 (size before relaxing)
 .debug_str     0x00001194      0x18d PedalCom.o
                                0x72d (size before relaxing)
 .debug_str     0x00001321       0xdf RotaryEncoder.o
                                0x2eb (size before relaxing)
 .debug_str     0x00001400      0x102 SP10281_3x7segment.o
                                0x304 (size before relaxing)
 .debug_str     0x00001502      0x372 System.o
                                0xde2 (size before relaxing)
 .debug_str     0x00001874       0x24 Timer.o
                                0x39d (size before relaxing)
 .debug_str     0x00001898      0x273 UART.o
                                0x56b (size before relaxing)
 .debug_str     0x00001b0b       0x6a UI.o
                                0x4e9 (size before relaxing)
 .debug_str     0x00001b75       0x35 util.o
                                0x1f4 (size before relaxing)

.debug_loc      0x00000000     0x1c8b
 *(.debug_loc)
 .debug_loc     0x00000000      0x12d i2cmaster.o
 .debug_loc     0x0000012d      0x77a MCP23017.o
 .debug_loc     0x000008a7       0x50 MIDI.o
 .debug_loc     0x000008f7      0x1d2 PedalCom.o
 .debug_loc     0x00000ac9       0xb9 RotaryEncoder.o
 .debug_loc     0x00000b82      0x2d6 SP10281_3x7segment.o
 .debug_loc     0x00000e58      0x353 System.o
 .debug_loc     0x000011ab       0xb5 Timer.o
 .debug_loc     0x00001260      0x859 UART.o
 .debug_loc     0x00001ab9      0x112 UI.o
 .debug_loc     0x00001bcb       0xc0 util.o

.debug_macinfo
 *(.debug_macinfo)

.debug_weaknames
 *(.debug_weaknames)

.debug_funcnames
 *(.debug_funcnames)

.debug_typenames
 *(.debug_typenames)

.debug_varnames
 *(.debug_varnames)

.debug_pubtypes
 *(.debug_pubtypes)

.debug_ranges   0x00000000      0x328
 *(.debug_ranges)
 .debug_ranges  0x00000000       0x48 i2cmaster.o
 .debug_ranges  0x00000048       0x10 main.o
 .debug_ranges  0x00000058       0x78 MCP23017.o
 .debug_ranges  0x000000d0       0x18 MIDI.o
 .debug_ranges  0x000000e8       0x60 PedalCom.o
 .debug_ranges  0x00000148       0x30 RotaryEncoder.o
 .debug_ranges  0x00000178       0x30 SP10281_3x7segment.o
 .debug_ranges  0x000001a8       0x50 System.o
 .debug_ranges  0x000001f8       0x20 Timer.o
 .debug_ranges  0x00000218       0xe0 UART.o
 .debug_ranges  0x000002f8       0x18 UI.o
 .debug_ranges  0x00000310       0x18 util.o

.debug_macro
 *(.debug_macro)
OUTPUT(Rack_LoopController_MASTER.elf elf32-avr)
LOAD linker stubs
